16:47:57 **** Build of project standalone_bsp_0 ****
make -k all 
"Running Make include in ps7_cortexa9_0/libsrc/axidma_v9_5/src"
make -C ps7_cortexa9_0/libsrc/axidma_v9_5/src -s include  "SHELL=CMD" "COMPILER=arm-none-eabi-gcc" "ARCHIVER=arm-none-eabi-ar" "COMPILER_FLAGS=  -O2 -c" "EXTRA_COMPILER_FLAGS=-mcpu=cortex-a9 -mfpu=vfpv3 -mfloat-abi=hard -nostartfiles -Wall -Wextra"
"Running Make include in ps7_cortexa9_0/libsrc/coresightps_dcc_v1_4/src"
make -C ps7_cortexa9_0/libsrc/coresightps_dcc_v1_4/src -s include  "SHELL=CMD" "COMPILER=arm-none-eabi-gcc" "ARCHIVER=arm-none-eabi-ar" "COMPILER_FLAGS=  -O2 -c" "EXTRA_COMPILER_FLAGS=-mcpu=cortex-a9 -mfpu=vfpv3 -mfloat-abi=hard -nostartfiles -Wall -Wextra"
"Running Make include in ps7_cortexa9_0/libsrc/cpu_cortexa9_v2_5/src"
make -C ps7_cortexa9_0/libsrc/cpu_cortexa9_v2_5/src -s include  "SHELL=CMD" "COMPILER=arm-none-eabi-gcc" "ARCHIVER=arm-none-eabi-ar" "COMPILER_FLAGS=  -O2 -c" "EXTRA_COMPILER_FLAGS=-mcpu=cortex-a9 -mfpu=vfpv3 -mfloat-abi=hard -nostartfiles -Wall -Wextra"
"Running Make include in ps7_cortexa9_0/libsrc/ddrps_v1_0/src"
make -C ps7_cortexa9_0/libsrc/ddrps_v1_0/src -s include  "SHELL=CMD" "COMPILER=arm-none-eabi-gcc" "ARCHIVER=arm-none-eabi-ar" "COMPILER_FLAGS=  -O2 -c" "EXTRA_COMPILER_FLAGS=-mcpu=cortex-a9 -mfpu=vfpv3 -mfloat-abi=hard -nostartfiles -Wall -Wextra"
"Running Make include in ps7_cortexa9_0/libsrc/devcfg_v3_5/src"
make -C ps7_cortexa9_0/libsrc/devcfg_v3_5/src -s include  "SHELL=CMD" "COMPILER=arm-none-eabi-gcc" "ARCHIVER=arm-none-eabi-ar" "COMPILER_FLAGS=  -O2 -c" "EXTRA_COMPILER_FLAGS=-mcpu=cortex-a9 -mfpu=vfpv3 -mfloat-abi=hard -nostartfiles -Wall -Wextra"
"Running Make include in ps7_cortexa9_0/libsrc/dmaps_v2_3/src"
make -C ps7_cortexa9_0/libsrc/dmaps_v2_3/src -s include  "SHELL=CMD" "COMPILER=arm-none-eabi-gcc" "ARCHIVER=arm-none-eabi-ar" "COMPILER_FLAGS=  -O2 -c" "EXTRA_COMPILER_FLAGS=-mcpu=cortex-a9 -mfpu=vfpv3 -mfloat-abi=hard -nostartfiles -Wall -Wextra"
"Running Make include in ps7_cortexa9_0/libsrc/gpiops_v3_3/src"
make -C ps7_cortexa9_0/libsrc/gpiops_v3_3/src -s include  "SHELL=CMD" "COMPILER=arm-none-eabi-gcc" "ARCHIVER=arm-none-eabi-ar" "COMPILER_FLAGS=  -O2 -c" "EXTRA_COMPILER_FLAGS=-mcpu=cortex-a9 -mfpu=vfpv3 -mfloat-abi=hard -nostartfiles -Wall -Wextra"
"Running Make include in ps7_cortexa9_0/libsrc/scugic_v3_8/src"
make -C ps7_cortexa9_0/libsrc/scugic_v3_8/src -s include  "SHELL=CMD" "COMPILER=arm-none-eabi-gcc" "ARCHIVER=arm-none-eabi-ar" "COMPILER_FLAGS=  -O2 -c" "EXTRA_COMPILER_FLAGS=-mcpu=cortex-a9 -mfpu=vfpv3 -mfloat-abi=hard -nostartfiles -Wall -Wextra"
"Running Make include in ps7_cortexa9_0/libsrc/scutimer_v2_1/src"
make -C ps7_cortexa9_0/libsrc/scutimer_v2_1/src -s include  "SHELL=CMD" "COMPILER=arm-none-eabi-gcc" "ARCHIVER=arm-none-eabi-ar" "COMPILER_FLAGS=  -O2 -c" "EXTRA_COMPILER_FLAGS=-mcpu=cortex-a9 -mfpu=vfpv3 -mfloat-abi=hard -nostartfiles -Wall -Wextra"
"Running Make include in ps7_cortexa9_0/libsrc/scuwdt_v2_1/src"
make -C ps7_cortexa9_0/libsrc/scuwdt_v2_1/src -s include  "SHELL=CMD" "COMPILER=arm-none-eabi-gcc" "ARCHIVER=arm-none-eabi-ar" "COMPILER_FLAGS=  -O2 -c" "EXTRA_COMPILER_FLAGS=-mcpu=cortex-a9 -mfpu=vfpv3 -mfloat-abi=hard -nostartfiles -Wall -Wextra"
"Running Make include in ps7_cortexa9_0/libsrc/standalone_v6_5/src"
make -C ps7_cortexa9_0/libsrc/standalone_v6_5/src -s include  "SHELL=CMD" "COMPILER=arm-none-eabi-gcc" "ARCHIVER=arm-none-eabi-ar" "COMPILER_FLAGS=  -O2 -c" "EXTRA_COMPILER_FLAGS=-mcpu=cortex-a9 -mfpu=vfpv3 -mfloat-abi=hard -nostartfiles -Wall -Wextra"
"Running Make include in ps7_cortexa9_0/libsrc/uartps_v3_5/src"
make -C ps7_cortexa9_0/libsrc/uartps_v3_5/src -s include  "SHELL=CMD" "COMPILER=arm-none-eabi-gcc" "ARCHIVER=arm-none-eabi-ar" "COMPILER_FLAGS=  -O2 -c" "EXTRA_COMPILER_FLAGS=-mcpu=cortex-a9 -mfpu=vfpv3 -mfloat-abi=hard -nostartfiles -Wall -Wextra"
"Running Make include in ps7_cortexa9_0/libsrc/xadcps_v2_2/src"
make -C ps7_cortexa9_0/libsrc/xadcps_v2_2/src -s include  "SHELL=CMD" "COMPILER=arm-none-eabi-gcc" "ARCHIVER=arm-none-eabi-ar" "COMPILER_FLAGS=  -O2 -c" "EXTRA_COMPILER_FLAGS=-mcpu=cortex-a9 -mfpu=vfpv3 -mfloat-abi=hard -nostartfiles -Wall -Wextra"
"Running Make libs in ps7_cortexa9_0/libsrc/axidma_v9_5/src"
make -C ps7_cortexa9_0/libsrc/axidma_v9_5/src -s libs  "SHELL=CMD" "COMPILER=arm-none-eabi-gcc" "ARCHIVER=arm-none-eabi-ar" "COMPILER_FLAGS=  -O2 -c" "EXTRA_COMPILER_FLAGS=-mcpu=cortex-a9 -mfpu=vfpv3 -mfloat-abi=hard -nostartfiles -Wall -Wextra"
"Compiling axidma"
arm-none-eabi-ar: creating ../../../lib/libxil.a
"Running Make libs in ps7_cortexa9_0/libsrc/coresightps_dcc_v1_4/src"
make -C ps7_cortexa9_0/libsrc/coresightps_dcc_v1_4/src -s libs  "SHELL=CMD" "COMPILER=arm-none-eabi-gcc" "ARCHIVER=arm-none-eabi-ar" "COMPILER_FLAGS=  -O2 -c" "EXTRA_COMPILER_FLAGS=-mcpu=cortex-a9 -mfpu=vfpv3 -mfloat-abi=hard -nostartfiles -Wall -Wextra"
"Compiling coresightps_dcc"
"Running Make libs in ps7_cortexa9_0/libsrc/cpu_cortexa9_v2_5/src"
make -C ps7_cortexa9_0/libsrc/cpu_cortexa9_v2_5/src -s libs  "SHELL=CMD" "COMPILER=arm-none-eabi-gcc" "ARCHIVER=arm-none-eabi-ar" "COMPILER_FLAGS=  -O2 -c" "EXTRA_COMPILER_FLAGS=-mcpu=cortex-a9 -mfpu=vfpv3 -mfloat-abi=hard -nostartfiles -Wall -Wextra"
"Compiling cpu_cortexa9"
"Running Make libs in ps7_cortexa9_0/libsrc/ddrps_v1_0/src"
make -C ps7_cortexa9_0/libsrc/ddrps_v1_0/src -s libs  "SHELL=CMD" "COMPILER=arm-none-eabi-gcc" "ARCHIVER=arm-none-eabi-ar" "COMPILER_FLAGS=  -O2 -c" "EXTRA_COMPILER_FLAGS=-mcpu=cortex-a9 -mfpu=vfpv3 -mfloat-abi=hard -nostartfiles -Wall -Wextra"
"Compiling ddrps"
"Running Make libs in ps7_cortexa9_0/libsrc/devcfg_v3_5/src"
make -C ps7_cortexa9_0/libsrc/devcfg_v3_5/src -s libs  "SHELL=CMD" "COMPILER=arm-none-eabi-gcc" "ARCHIVER=arm-none-eabi-ar" "COMPILER_FLAGS=  -O2 -c" "EXTRA_COMPILER_FLAGS=-mcpu=cortex-a9 -mfpu=vfpv3 -mfloat-abi=hard -nostartfiles -Wall -Wextra"
"Compiling devcfg"
"Running Make libs in ps7_cortexa9_0/libsrc/dmaps_v2_3/src"
make -C ps7_cortexa9_0/libsrc/dmaps_v2_3/src -s libs  "SHELL=CMD" "COMPILER=arm-none-eabi-gcc" "ARCHIVER=arm-none-eabi-ar" "COMPILER_FLAGS=  -O2 -c" "EXTRA_COMPILER_FLAGS=-mcpu=cortex-a9 -mfpu=vfpv3 -mfloat-abi=hard -nostartfiles -Wall -Wextra"
"Compiling dmaps"
"Running Make libs in ps7_cortexa9_0/libsrc/gpiops_v3_3/src"
make -C ps7_cortexa9_0/libsrc/gpiops_v3_3/src -s libs  "SHELL=CMD" "COMPILER=arm-none-eabi-gcc" "ARCHIVER=arm-none-eabi-ar" "COMPILER_FLAGS=  -O2 -c" "EXTRA_COMPILER_FLAGS=-mcpu=cortex-a9 -mfpu=vfpv3 -mfloat-abi=hard -nostartfiles -Wall -Wextra"
"Compiling gpiops"
"Running Make libs in ps7_cortexa9_0/libsrc/scugic_v3_8/src"
make -C ps7_cortexa9_0/libsrc/scugic_v3_8/src -s libs  "SHELL=CMD" "COMPILER=arm-none-eabi-gcc" "ARCHIVER=arm-none-eabi-ar" "COMPILER_FLAGS=  -O2 -c" "EXTRA_COMPILER_FLAGS=-mcpu=cortex-a9 -mfpu=vfpv3 -mfloat-abi=hard -nostartfiles -Wall -Wextra"
"Compiling scugic"
"Running Make libs in ps7_cortexa9_0/libsrc/scutimer_v2_1/src"
make -C ps7_cortexa9_0/libsrc/scutimer_v2_1/src -s libs  "SHELL=CMD" "COMPILER=arm-none-eabi-gcc" "ARCHIVER=arm-none-eabi-ar" "COMPILER_FLAGS=  -O2 -c" "EXTRA_COMPILER_FLAGS=-mcpu=cortex-a9 -mfpu=vfpv3 -mfloat-abi=hard -nostartfiles -Wall -Wextra"
"Compiling scutimer"
"Running Make libs in ps7_cortexa9_0/libsrc/scuwdt_v2_1/src"
make -C ps7_cortexa9_0/libsrc/scuwdt_v2_1/src -s libs  "SHELL=CMD" "COMPILER=arm-none-eabi-gcc" "ARCHIVER=arm-none-eabi-ar" "COMPILER_FLAGS=  -O2 -c" "EXTRA_COMPILER_FLAGS=-mcpu=cortex-a9 -mfpu=vfpv3 -mfloat-abi=hard -nostartfiles -Wall -Wextra"
"Compiling scuwdt"
"Running Make libs in ps7_cortexa9_0/libsrc/standalone_v6_5/src"
make -C ps7_cortexa9_0/libsrc/standalone_v6_5/src -s libs  "SHELL=CMD" "COMPILER=arm-none-eabi-gcc" "ARCHIVER=arm-none-eabi-ar" "COMPILER_FLAGS=  -O2 -c" "EXTRA_COMPILER_FLAGS=-mcpu=cortex-a9 -mfpu=vfpv3 -mfloat-abi=hard -nostartfiles -Wall -Wextra"
"Compiling standalone"
"Running Make libs in ps7_cortexa9_0/libsrc/uartps_v3_5/src"
make -C ps7_cortexa9_0/libsrc/uartps_v3_5/src -s libs  "SHELL=CMD" "COMPILER=arm-none-eabi-gcc" "ARCHIVER=arm-none-eabi-ar" "COMPILER_FLAGS=  -O2 -c" "EXTRA_COMPILER_FLAGS=-mcpu=cortex-a9 -mfpu=vfpv3 -mfloat-abi=hard -nostartfiles -Wall -Wextra"
"Compiling uartps"
"Running Make libs in ps7_cortexa9_0/libsrc/xadcps_v2_2/src"
make -C ps7_cortexa9_0/libsrc/xadcps_v2_2/src -s libs  "SHELL=CMD" "COMPILER=arm-none-eabi-gcc" "ARCHIVER=arm-none-eabi-ar" "COMPILER_FLAGS=  -O2 -c" "EXTRA_COMPILER_FLAGS=-mcpu=cortex-a9 -mfpu=vfpv3 -mfloat-abi=hard -nostartfiles -Wall -Wextra"
"Compiling xadcps"
'Finished building libraries'

**** Build of configuration Debug for project final_proj ****

Nothing to build for project final_proj
16:49:08 **** Auto Build of configuration Debug for project final_proj ****
make pre-build main-build 
a9-linaro-pre-build-step
' '
'Building file: ../src/auxiliar_functions.c'
'Invoking: ARM v7 gcc compiler'
arm-none-eabi-gcc -Wall -O0 -g3 -c -fmessage-length=0 -MT"src/auxiliar_functions.o" -mcpu=cortex-a9 -mfpu=vfpv3 -mfloat-abi=hard -I../../standalone_bsp_0/ps7_cortexa9_0/include -MMD -MP -MF"src/auxiliar_functions.d" -MT"src/auxiliar_functions.o" -o "src/auxiliar_functions.o" "../src/auxiliar_functions.c"
'Finished building: ../src/auxiliar_functions.c'
' '
'Building file: ../src/gauss_jacobi.c'
'Invoking: ARM v7 gcc compiler'
arm-none-eabi-gcc -Wall -O0 -g3 -c -fmessage-length=0 -MT"src/gauss_jacobi.o" -mcpu=cortex-a9 -mfpu=vfpv3 -mfloat-abi=hard -I../../standalone_bsp_0/ps7_cortexa9_0/include -MMD -MP -MF"src/gauss_jacobi.d" -MT"src/gauss_jacobi.o" -o "src/gauss_jacobi.o" "../src/gauss_jacobi.c"
../src/gauss_jacobi.c: In function 'main':
../src/gauss_jacobi.c:20:11: error: too few arguments to function 'init_XAxiDma_SimplePollMode'
  status = init_XAxiDma_SimplePollMode(DMA_DEV_ID_0);
           ^~~~~~~~~~~~~~~~~~~~~~~~~~~
In file included from ../src/gauss_jacobi.c:11:0:
../src/gauss_jacobi.h:45:5: note: declared here
 int init_XAxiDma_SimplePollMode(u16 DeviceId, XAxiDma AxiDma);
     ^~~~~~~~~~~~~~~~~~~~~~~~~~~
../src/gauss_jacobi.c:26:11: error: too few arguments to function 'init_XAxiDma_SimplePollMode'
  status = init_XAxiDma_SimplePollMode(DMA_DEV_ID_1);
           ^~~~~~~~~~~~~~~~~~~~~~~~~~~
In file included from ../src/gauss_jacobi.c:11:0:
../src/gauss_jacobi.h:45:5: note: declared here
 int init_XAxiDma_SimplePollMode(u16 DeviceId, XAxiDma AxiDma);
     ^~~~~~~~~~~~~~~~~~~~~~~~~~~
In file included from ../../standalone_bsp_0/ps7_cortexa9_0/include/xtime_l.h:65:0,
                 from ../src/gauss_jacobi.h:14,
                 from ../src/gauss_jacobi.c:11:
../../standalone_bsp_0/ps7_cortexa9_0/include/xparameters.h:30:34: error: incompatible type for argument 1 of 'XAxiDma_Simple_MatProd'
 #define XPAR_AXI_DMA_0_DEVICE_ID 0
                                  ^
../../standalone_bsp_0/ps7_cortexa9_0/include/xparameters.h:74:33: note: in expansion of macro 'XPAR_AXI_DMA_0_DEVICE_ID'
 #define XPAR_AXIDMA_0_DEVICE_ID XPAR_AXI_DMA_0_DEVICE_ID
                                 ^~~~~~~~~~~~~~~~~~~~~~~~
../src/gauss_jacobi.h:42:22: note: in expansion of macro 'XPAR_AXIDMA_0_DEVICE_ID'
 #define DMA_DEV_ID_0 XPAR_AXIDMA_0_DEVICE_ID
                      ^~~~~~~~~~~~~~~~~~~~~~~
../src/gauss_jacobi.c:32:34: note: in expansion of macro 'DMA_DEV_ID_0'
  status = XAxiDma_Simple_MatProd(DMA_DEV_ID_0);
                                  ^~~~~~~~~~~~
In file included from ../src/gauss_jacobi.c:11:0:
../src/gauss_jacobi.h:46:5: note: expected 'XAxiDma {aka struct XAxiDma}' but argument is of type 'int'
 int XAxiDma_Simple_MatProd(XAxiDma AxiDma);
     ^~~~~~~~~~~~~~~~~~~~~~
../src/gauss_jacobi.c: At top level:
../src/gauss_jacobi.c:41:5: error: conflicting types for 'XAxiDma_Simple_MatProd'
 int XAxiDma_Simple_MatProd(u16 DeviceId){
     ^~~~~~~~~~~~~~~~~~~~~~
In file included from ../src/gauss_jacobi.c:11:0:
../src/gauss_jacobi.h:46:5: note: previous declaration of 'XAxiDma_Simple_MatProd' was here
 int XAxiDma_Simple_MatProd(XAxiDma AxiDma);
     ^~~~~~~~~~~~~~~~~~~~~~
../src/gauss_jacobi.c: In function 'XAxiDma_Simple_MatProd':
../src/gauss_jacobi.c:69:39: error: 'AxiDma' undeclared (first use in this function)
      status = XAxiDma_SimpleTransfer(&AxiDma,(UINTPTR)memX, VECTOR_SIZE, XAXIDMA_DMA_TO_DEVICE);
                                       ^~~~~~
../src/gauss_jacobi.c:69:39: note: each undeclared identifier is reported only once for each function it appears in
../src/gauss_jacobi.c:112:18: warning: passing argument 1 of 'show_results' discards 'volatile' qualifier from pointer target type [-Wdiscarded-qualifiers]
     show_results(memA_D_Inv, n_it, 2*(tEnd-tStart), 1.0*(tEnd-tStart)/(COUNTS_PER_SECOND/1000000));
                  ^~~~~~~~~~
In file included from ../src/gauss_jacobi.c:11:0:
../src/gauss_jacobi.h:47:6: note: expected 'float *' but argument is of type 'volatile float *'
 void show_results(float* memA_D_Inv, int n_it, unsigned long long int clock_cycles, float u_sec);
      ^~~~~~~~~~~~
make: *** [src/gauss_jacobi.o] Error 1
16:49:56 **** Clean-only build of configuration Debug for project final_proj ****
make clean 
rm -rf  ./src/auxiliar_functions.o ./src/gauss_jacobi.o  ./src/auxiliar_functions.d ./src/gauss_jacobi.d  final_proj.elf.size  final_proj.elf
' '

****  of configuration Debug for project final_proj ****

Nothing to build for project final_proj
16:50:08 **** Auto Build of configuration Debug for project final_proj ****
make pre-build main-build 
a9-linaro-pre-build-step
' '
'Building file: ../src/auxiliar_functions.c'
'Invoking: ARM v7 gcc compiler'
arm-none-eabi-gcc -Wall -O0 -g3 -c -fmessage-length=0 -MT"src/auxiliar_functions.o" -mcpu=cortex-a9 -mfpu=vfpv3 -mfloat-abi=hard -I../../standalone_bsp_0/ps7_cortexa9_0/include -MMD -MP -MF"src/auxiliar_functions.d" -MT"src/auxiliar_functions.o" -o "src/auxiliar_functions.o" "../src/auxiliar_functions.c"
'Finished building: ../src/auxiliar_functions.c'
' '
'Building file: ../src/gauss_jacobi.c'
'Invoking: ARM v7 gcc compiler'
arm-none-eabi-gcc -Wall -O0 -g3 -c -fmessage-length=0 -MT"src/gauss_jacobi.o" -mcpu=cortex-a9 -mfpu=vfpv3 -mfloat-abi=hard -I../../standalone_bsp_0/ps7_cortexa9_0/include -MMD -MP -MF"src/gauss_jacobi.d" -MT"src/gauss_jacobi.o" -o "src/gauss_jacobi.o" "../src/gauss_jacobi.c"
../src/gauss_jacobi.c: In function 'main':
../src/gauss_jacobi.c:20:11: error: too few arguments to function 'init_XAxiDma_SimplePollMode'
  status = init_XAxiDma_SimplePollMode(DMA_DEV_ID_0);
           ^~~~~~~~~~~~~~~~~~~~~~~~~~~
In file included from ../src/gauss_jacobi.c:11:0:
../src/gauss_jacobi.h:45:5: note: declared here
 int init_XAxiDma_SimplePollMode(u16 DeviceId, XAxiDma AxiDma);
     ^~~~~~~~~~~~~~~~~~~~~~~~~~~
../src/gauss_jacobi.c:26:11: error: too few arguments to function 'init_XAxiDma_SimplePollMode'
  status = init_XAxiDma_SimplePollMode(DMA_DEV_ID_1);
           ^~~~~~~~~~~~~~~~~~~~~~~~~~~
In file included from ../src/gauss_jacobi.c:11:0:
../src/gauss_jacobi.h:45:5: note: declared here
 int init_XAxiDma_SimplePollMode(u16 DeviceId, XAxiDma AxiDma);
     ^~~~~~~~~~~~~~~~~~~~~~~~~~~
In file included from ../../standalone_bsp_0/ps7_cortexa9_0/include/xtime_l.h:65:0,
                 from ../src/gauss_jacobi.h:14,
                 from ../src/gauss_jacobi.c:11:
../../standalone_bsp_0/ps7_cortexa9_0/include/xparameters.h:30:34: error: incompatible type for argument 1 of 'XAxiDma_Simple_MatProd'
 #define XPAR_AXI_DMA_0_DEVICE_ID 0
                                  ^
../../standalone_bsp_0/ps7_cortexa9_0/include/xparameters.h:74:33: note: in expansion of macro 'XPAR_AXI_DMA_0_DEVICE_ID'
 #define XPAR_AXIDMA_0_DEVICE_ID XPAR_AXI_DMA_0_DEVICE_ID
                                 ^~~~~~~~~~~~~~~~~~~~~~~~
../src/gauss_jacobi.h:42:22: note: in expansion of macro 'XPAR_AXIDMA_0_DEVICE_ID'
 #define DMA_DEV_ID_0 XPAR_AXIDMA_0_DEVICE_ID
                      ^~~~~~~~~~~~~~~~~~~~~~~
../src/gauss_jacobi.c:32:34: note: in expansion of macro 'DMA_DEV_ID_0'
  status = XAxiDma_Simple_MatProd(DMA_DEV_ID_0);
                                  ^~~~~~~~~~~~
In file included from ../src/gauss_jacobi.c:11:0:
../src/gauss_jacobi.h:46:5: note: expected 'XAxiDma {aka struct XAxiDma}' but argument is of type 'int'
 int XAxiDma_Simple_MatProd(XAxiDma AxiDma);
     ^~~~~~~~~~~~~~~~~~~~~~
../src/gauss_jacobi.c: At top level:
../src/gauss_jacobi.c:41:5: error: conflicting types for 'XAxiDma_Simple_MatProd'
 int XAxiDma_Simple_MatProd(u16 DeviceId){
     ^~~~~~~~~~~~~~~~~~~~~~
In file included from ../src/gauss_jacobi.c:11:0:
../src/gauss_jacobi.h:46:5: note: previous declaration of 'XAxiDma_Simple_MatProd' was here
 int XAxiDma_Simple_MatProd(XAxiDma AxiDma);
     ^~~~~~~~~~~~~~~~~~~~~~
../src/gauss_jacobi.c: In function 'XAxiDma_Simple_MatProd':
../src/gauss_jacobi.c:69:39: error: 'AxiDma' undeclared (first use in this function)
      status = XAxiDma_SimpleTransfer(&AxiDma,(UINTPTR)memX, VECTOR_SIZE, XAXIDMA_DMA_TO_DEVICE);
                                       ^~~~~~
../src/gauss_jacobi.c:69:39: note: each undeclared identifier is reported only once for each function it appears in
../src/gauss_jacobi.c:112:18: warning: passing argument 1 of 'show_results' discards 'volatile' qualifier from pointer target type [-Wdiscarded-qualifiers]
     show_results(memA_D_Inv, n_it, 2*(tEnd-tStart), 1.0*(tEnd-tStart)/(COUNTS_PER_SECOND/1000000));
                  ^~~~~~~~~~
In file included from ../src/gauss_jacobi.c:11:0:
../src/gauss_jacobi.h:47:6: note: expected 'float *' but argument is of type 'volatile float *'
 void show_results(float* memA_D_Inv, int n_it, unsigned long long int clock_cycles, float u_sec);
      ^~~~~~~~~~~~
make: *** [src/gauss_jacobi.o] Error 1
16:51:38 **** Auto Build of configuration Debug for project final_proj ****
make pre-build main-build 
a9-linaro-pre-build-step
' '
'Building file: ../src/gauss_jacobi.c'
'Invoking: ARM v7 gcc compiler'
arm-none-eabi-gcc -Wall -O0 -g3 -c -fmessage-length=0 -MT"src/gauss_jacobi.o" -mcpu=cortex-a9 -mfpu=vfpv3 -mfloat-abi=hard -I../../standalone_bsp_0/ps7_cortexa9_0/include -MMD -MP -MF"src/gauss_jacobi.d" -MT"src/gauss_jacobi.o" -o "src/gauss_jacobi.o" "../src/gauss_jacobi.c"
In file included from ../../standalone_bsp_0/ps7_cortexa9_0/include/xtime_l.h:65:0,
                 from ../src/gauss_jacobi.h:14,
                 from ../src/gauss_jacobi.c:11:
../src/gauss_jacobi.c: In function 'main':
../../standalone_bsp_0/ps7_cortexa9_0/include/xparameters.h:30:34: error: incompatible type for argument 1 of 'XAxiDma_Simple_MatProd'
 #define XPAR_AXI_DMA_0_DEVICE_ID 0
                                  ^
../../standalone_bsp_0/ps7_cortexa9_0/include/xparameters.h:74:33: note: in expansion of macro 'XPAR_AXI_DMA_0_DEVICE_ID'
 #define XPAR_AXIDMA_0_DEVICE_ID XPAR_AXI_DMA_0_DEVICE_ID
                                 ^~~~~~~~~~~~~~~~~~~~~~~~
../src/gauss_jacobi.h:42:22: note: in expansion of macro 'XPAR_AXIDMA_0_DEVICE_ID'
 #define DMA_DEV_ID_0 XPAR_AXIDMA_0_DEVICE_ID
                      ^~~~~~~~~~~~~~~~~~~~~~~
../src/gauss_jacobi.c:35:34: note: in expansion of macro 'DMA_DEV_ID_0'
  status = XAxiDma_Simple_MatProd(DMA_DEV_ID_0, AxiDma_0);
                                  ^~~~~~~~~~~~
In file included from ../src/gauss_jacobi.c:11:0:
../src/gauss_jacobi.h:46:5: note: expected 'XAxiDma {aka struct XAxiDma}' but argument is of type 'int'
 int XAxiDma_Simple_MatProd(XAxiDma AxiDma);
     ^~~~~~~~~~~~~~~~~~~~~~
../src/gauss_jacobi.c:35:11: error: too many arguments to function 'XAxiDma_Simple_MatProd'
  status = XAxiDma_Simple_MatProd(DMA_DEV_ID_0, AxiDma_0);
           ^~~~~~~~~~~~~~~~~~~~~~
In file included from ../src/gauss_jacobi.c:11:0:
../src/gauss_jacobi.h:46:5: note: declared here
 int XAxiDma_Simple_MatProd(XAxiDma AxiDma);
     ^~~~~~~~~~~~~~~~~~~~~~
../src/gauss_jacobi.h:43:22: error: incompatible type for argument 1 of 'XAxiDma_Simple_MatProd'
 #define DMA_DEV_ID_1 1
                      ^
../src/gauss_jacobi.c:41:34: note: in expansion of macro 'DMA_DEV_ID_1'
  status = XAxiDma_Simple_MatProd(DMA_DEV_ID_1, AxiDma_1);
                                  ^~~~~~~~~~~~
../src/gauss_jacobi.h:46:5: note: expected 'XAxiDma {aka struct XAxiDma}' but argument is of type 'int'
 int XAxiDma_Simple_MatProd(XAxiDma AxiDma);
     ^~~~~~~~~~~~~~~~~~~~~~
../src/gauss_jacobi.c:41:11: error: too many arguments to function 'XAxiDma_Simple_MatProd'
  status = XAxiDma_Simple_MatProd(DMA_DEV_ID_1, AxiDma_1);
           ^~~~~~~~~~~~~~~~~~~~~~
In file included from ../src/gauss_jacobi.c:11:0:
../src/gauss_jacobi.h:46:5: note: declared here
 int XAxiDma_Simple_MatProd(XAxiDma AxiDma);
     ^~~~~~~~~~~~~~~~~~~~~~
../src/gauss_jacobi.c: At top level:
../src/gauss_jacobi.c:50:5: error: conflicting types for 'XAxiDma_Simple_MatProd'
 int XAxiDma_Simple_MatProd(u16 DeviceId, XAxiDma AxiDma){
     ^~~~~~~~~~~~~~~~~~~~~~
In file included from ../src/gauss_jacobi.c:11:0:
../src/gauss_jacobi.h:46:5: note: previous declaration of 'XAxiDma_Simple_MatProd' was here
 int XAxiDma_Simple_MatProd(XAxiDma AxiDma);
     ^~~~~~~~~~~~~~~~~~~~~~
../src/gauss_jacobi.c: In function 'XAxiDma_Simple_MatProd':
../src/gauss_jacobi.c:92:6: error: expected expression before ')' token
   if()
      ^
../src/gauss_jacobi.c:122:18: warning: passing argument 1 of 'show_results' discards 'volatile' qualifier from pointer target type [-Wdiscarded-qualifiers]
     show_results(memA_D_Inv, n_it, 2*(tEnd-tStart), 1.0*(tEnd-tStart)/(COUNTS_PER_SECOND/1000000));
                  ^~~~~~~~~~
In file included from ../src/gauss_jacobi.c:11:0:
../src/gauss_jacobi.h:47:6: note: expected 'float *' but argument is of type 'volatile float *'
 void show_results(float* memA_D_Inv, int n_it, unsigned long long int clock_cycles, float u_sec);
      ^~~~~~~~~~~~
make: *** [src/gauss_jacobi.o] Error 1
16:51:56 **** Auto Build of configuration Debug for project final_proj ****
make pre-build main-build 
a9-linaro-pre-build-step
' '
'Building file: ../src/auxiliar_functions.c'
'Invoking: ARM v7 gcc compiler'
arm-none-eabi-gcc -Wall -O0 -g3 -c -fmessage-length=0 -MT"src/auxiliar_functions.o" -mcpu=cortex-a9 -mfpu=vfpv3 -mfloat-abi=hard -I../../standalone_bsp_0/ps7_cortexa9_0/include -MMD -MP -MF"src/auxiliar_functions.d" -MT"src/auxiliar_functions.o" -o "src/auxiliar_functions.o" "../src/auxiliar_functions.c"
'Finished building: ../src/auxiliar_functions.c'
' '
'Building file: ../src/gauss_jacobi.c'
'Invoking: ARM v7 gcc compiler'
arm-none-eabi-gcc -Wall -O0 -g3 -c -fmessage-length=0 -MT"src/gauss_jacobi.o" -mcpu=cortex-a9 -mfpu=vfpv3 -mfloat-abi=hard -I../../standalone_bsp_0/ps7_cortexa9_0/include -MMD -MP -MF"src/gauss_jacobi.d" -MT"src/gauss_jacobi.o" -o "src/gauss_jacobi.o" "../src/gauss_jacobi.c"
../src/gauss_jacobi.c: In function 'XAxiDma_Simple_MatProd':
../src/gauss_jacobi.c:92:6: error: expected expression before ')' token
   if()
      ^
../src/gauss_jacobi.c:122:18: warning: passing argument 1 of 'show_results' discards 'volatile' qualifier from pointer target type [-Wdiscarded-qualifiers]
     show_results(memA_D_Inv, n_it, 2*(tEnd-tStart), 1.0*(tEnd-tStart)/(COUNTS_PER_SECOND/1000000));
                  ^~~~~~~~~~
In file included from ../src/gauss_jacobi.c:11:0:
../src/gauss_jacobi.h:47:6: note: expected 'float *' but argument is of type 'volatile float *'
 void show_results(float* memA_D_Inv, int n_it, unsigned long long int clock_cycles, float u_sec);
      ^~~~~~~~~~~~
make: *** [src/gauss_jacobi.o] Error 1
16:52:09 **** Auto Build of configuration Debug for project final_proj ****
make pre-build main-build 
a9-linaro-pre-build-step
' '
'Building file: ../src/auxiliar_functions.c'
'Invoking: ARM v7 gcc compiler'
arm-none-eabi-gcc -Wall -O0 -g3 -c -fmessage-length=0 -MT"src/auxiliar_functions.o" -mcpu=cortex-a9 -mfpu=vfpv3 -mfloat-abi=hard -I../../standalone_bsp_0/ps7_cortexa9_0/include -MMD -MP -MF"src/auxiliar_functions.d" -MT"src/auxiliar_functions.o" -o "src/auxiliar_functions.o" "../src/auxiliar_functions.c"
'Finished building: ../src/auxiliar_functions.c'
' '
'Building file: ../src/gauss_jacobi.c'
'Invoking: ARM v7 gcc compiler'
arm-none-eabi-gcc -Wall -O0 -g3 -c -fmessage-length=0 -MT"src/gauss_jacobi.o" -mcpu=cortex-a9 -mfpu=vfpv3 -mfloat-abi=hard -I../../standalone_bsp_0/ps7_cortexa9_0/include -MMD -MP -MF"src/gauss_jacobi.d" -MT"src/gauss_jacobi.o" -o "src/gauss_jacobi.o" "../src/gauss_jacobi.c"
../src/gauss_jacobi.c: In function 'XAxiDma_Simple_MatProd':
../src/gauss_jacobi.c:92:6: error: expected expression before ')' token
   if()
      ^
../src/gauss_jacobi.c:122:18: warning: passing argument 1 of 'show_results' discards 'volatile' qualifier from pointer target type [-Wdiscarded-qualifiers]
     show_results(memA_D_Inv, n_it, 2*(tEnd-tStart), 1.0*(tEnd-tStart)/(COUNTS_PER_SECOND/1000000));
                  ^~~~~~~~~~
In file included from ../src/gauss_jacobi.c:11:0:
../src/gauss_jacobi.h:47:6: note: expected 'float *' but argument is of type 'volatile float *'
 void show_results(float* memA_D_Inv, int n_it, unsigned long long int clock_cycles, float u_sec);
      ^~~~~~~~~~~~
make: *** [src/gauss_jacobi.o] Error 1
16:54:04 **** Auto Build of configuration Debug for project final_proj ****
make pre-build main-build 
a9-linaro-pre-build-step
' '
'Building file: ../src/gauss_jacobi.c'
'Invoking: ARM v7 gcc compiler'
arm-none-eabi-gcc -Wall -O0 -g3 -c -fmessage-length=0 -MT"src/gauss_jacobi.o" -mcpu=cortex-a9 -mfpu=vfpv3 -mfloat-abi=hard -I../../standalone_bsp_0/ps7_cortexa9_0/include -MMD -MP -MF"src/gauss_jacobi.d" -MT"src/gauss_jacobi.o" -o "src/gauss_jacobi.o" "../src/gauss_jacobi.c"
../src/gauss_jacobi.c: In function 'XAxiDma_Simple_MatProd':
../src/gauss_jacobi.c:92:13: error: invalid operands to binary == (have 'XAxiDma {aka struct XAxiDma}' and 'XAxiDma {aka struct XAxiDma}')
   if(AxiDma == AxiDma_0)
             ^~
../src/gauss_jacobi.c:122:18: warning: passing argument 1 of 'show_results' discards 'volatile' qualifier from pointer target type [-Wdiscarded-qualifiers]
     show_results(memA_D_Inv, n_it, 2*(tEnd-tStart), 1.0*(tEnd-tStart)/(COUNTS_PER_SECOND/1000000));
                  ^~~~~~~~~~
In file included from ../src/gauss_jacobi.c:11:0:
../src/gauss_jacobi.h:47:6: note: expected 'float *' but argument is of type 'volatile float *'
 void show_results(float* memA_D_Inv, int n_it, unsigned long long int clock_cycles, float u_sec);
      ^~~~~~~~~~~~
make: *** [src/gauss_jacobi.o] Error 1
16:54:37 **** Auto Build of configuration Debug for project final_proj ****
make pre-build main-build 
a9-linaro-pre-build-step
' '
'Building file: ../src/gauss_jacobi.c'
'Invoking: ARM v7 gcc compiler'
arm-none-eabi-gcc -Wall -O0 -g3 -c -fmessage-length=0 -MT"src/gauss_jacobi.o" -mcpu=cortex-a9 -mfpu=vfpv3 -mfloat-abi=hard -I../../standalone_bsp_0/ps7_cortexa9_0/include -MMD -MP -MF"src/gauss_jacobi.d" -MT"src/gauss_jacobi.o" -o "src/gauss_jacobi.o" "../src/gauss_jacobi.c"
../src/gauss_jacobi.c: In function 'XAxiDma_Simple_MatProd':
../src/gauss_jacobi.c:122:18: warning: passing argument 1 of 'show_results' discards 'volatile' qualifier from pointer target type [-Wdiscarded-qualifiers]
     show_results(memA_D_Inv, n_it, 2*(tEnd-tStart), 1.0*(tEnd-tStart)/(COUNTS_PER_SECOND/1000000));
                  ^~~~~~~~~~
In file included from ../src/gauss_jacobi.c:11:0:
../src/gauss_jacobi.h:47:6: note: expected 'float *' but argument is of type 'volatile float *'
 void show_results(float* memA_D_Inv, int n_it, unsigned long long int clock_cycles, float u_sec);
      ^~~~~~~~~~~~
'Finished building: ../src/gauss_jacobi.c'
' '
'Building target: final_proj.elf'
'Invoking: ARM v7 gcc linker'
arm-none-eabi-gcc -mcpu=cortex-a9 -mfpu=vfpv3 -mfloat-abi=hard -Wl,-build-id=none -specs=Xilinx.spec -Wl,-T -Wl,../src/lscript.ld -L../../standalone_bsp_0/ps7_cortexa9_0/lib -o "final_proj.elf"  ./src/auxiliar_functions.o ./src/gauss_jacobi.o   -Wl,--start-group,-lxil,-lgcc,-lc,--end-group
'Finished building target: final_proj.elf'
' '
'Invoking: ARM v7 Print Size'
arm-none-eabi-size final_proj.elf  |tee "final_proj.elf.size"
   text	   data	    bss	    dec	    hex	filename
  86676	   2708	  27104	 116488	  1c708	final_proj.elf
'Finished building: final_proj.elf.size'
' '
16:57:02 **** Incremental Build of configuration Debug for project final_proj ****
make pre-build main-build 
a9-linaro-pre-build-step
' '
make: Nothing to be done for `main-build'.
16:58:15 **** Auto Build of configuration Debug for project final_proj ****
make pre-build main-build 
a9-linaro-pre-build-step
' '
'Building file: ../src/gauss_jacobi.c'
'Invoking: ARM v7 gcc compiler'
arm-none-eabi-gcc -Wall -O0 -g3 -c -fmessage-length=0 -MT"src/gauss_jacobi.o" -mcpu=cortex-a9 -mfpu=vfpv3 -mfloat-abi=hard -I../../standalone_bsp_0/ps7_cortexa9_0/include -MMD -MP -MF"src/gauss_jacobi.d" -MT"src/gauss_jacobi.o" -o "src/gauss_jacobi.o" "../src/gauss_jacobi.c"
../src/gauss_jacobi.c: In function 'XAxiDma_Simple_MatProd':
../src/gauss_jacobi.c:123:18: warning: passing argument 1 of 'show_results' discards 'volatile' qualifier from pointer target type [-Wdiscarded-qualifiers]
     show_results(memA_D_Inv, n_it, 2*(tEnd-tStart), 1.0*(tEnd-tStart)/(COUNTS_PER_SECOND/1000000));
                  ^~~~~~~~~~
In file included from ../src/gauss_jacobi.c:11:0:
../src/gauss_jacobi.h:47:6: note: expected 'float *' but argument is of type 'volatile float *'
 void show_results(float* memA_D_Inv, int n_it, unsigned long long int clock_cycles, float u_sec);
      ^~~~~~~~~~~~
'Finished building: ../src/gauss_jacobi.c'
' '
'Building target: final_proj.elf'
'Invoking: ARM v7 gcc linker'
arm-none-eabi-gcc -mcpu=cortex-a9 -mfpu=vfpv3 -mfloat-abi=hard -Wl,-build-id=none -specs=Xilinx.spec -Wl,-T -Wl,../src/lscript.ld -L../../standalone_bsp_0/ps7_cortexa9_0/lib -o "final_proj.elf"  ./src/auxiliar_functions.o ./src/gauss_jacobi.o   -Wl,--start-group,-lxil,-lgcc,-lc,--end-group
'Finished building target: final_proj.elf'
' '
'Invoking: ARM v7 Print Size'
arm-none-eabi-size final_proj.elf  |tee "final_proj.elf.size"
   text	   data	    bss	    dec	    hex	filename
  86804	   2708	  27104	 116616	  1c788	final_proj.elf
'Finished building: final_proj.elf.size'
' '
16:58:19 **** Auto Build of configuration Debug for project final_proj ****
make pre-build main-build 
a9-linaro-pre-build-step
' '
'Building file: ../src/gauss_jacobi.c'
'Invoking: ARM v7 gcc compiler'
arm-none-eabi-gcc -Wall -O0 -g3 -c -fmessage-length=0 -MT"src/gauss_jacobi.o" -mcpu=cortex-a9 -mfpu=vfpv3 -mfloat-abi=hard -I../../standalone_bsp_0/ps7_cortexa9_0/include -MMD -MP -MF"src/gauss_jacobi.d" -MT"src/gauss_jacobi.o" -o "src/gauss_jacobi.o" "../src/gauss_jacobi.c"
../src/gauss_jacobi.c: In function 'XAxiDma_Simple_MatProd':
../src/gauss_jacobi.c:123:18: warning: passing argument 1 of 'show_results' discards 'volatile' qualifier from pointer target type [-Wdiscarded-qualifiers]
     show_results(memA_D_Inv, n_it, 2*(tEnd-tStart), 1.0*(tEnd-tStart)/(COUNTS_PER_SECOND/1000000));
                  ^~~~~~~~~~
In file included from ../src/gauss_jacobi.c:11:0:
../src/gauss_jacobi.h:47:6: note: expected 'float *' but argument is of type 'volatile float *'
 void show_results(float* memA_D_Inv, int n_it, unsigned long long int clock_cycles, float u_sec);
      ^~~~~~~~~~~~
'Finished building: ../src/gauss_jacobi.c'
' '
'Building target: final_proj.elf'
'Invoking: ARM v7 gcc linker'
arm-none-eabi-gcc -mcpu=cortex-a9 -mfpu=vfpv3 -mfloat-abi=hard -Wl,-build-id=none -specs=Xilinx.spec -Wl,-T -Wl,../src/lscript.ld -L../../standalone_bsp_0/ps7_cortexa9_0/lib -o "final_proj.elf"  ./src/auxiliar_functions.o ./src/gauss_jacobi.o   -Wl,--start-group,-lxil,-lgcc,-lc,--end-group
'Finished building target: final_proj.elf'
' '
'Invoking: ARM v7 Print Size'
arm-none-eabi-size final_proj.elf  |tee "final_proj.elf.size"
   text	   data	    bss	    dec	    hex	filename
  86804	   2708	  27104	 116616	  1c788	final_proj.elf
'Finished building: final_proj.elf.size'
' '
16:58:40 **** Auto Build of configuration Debug for project final_proj ****
make pre-build main-build 
a9-linaro-pre-build-step
' '
'Building file: ../src/gauss_jacobi.c'
'Invoking: ARM v7 gcc compiler'
arm-none-eabi-gcc -Wall -O0 -g3 -c -fmessage-length=0 -MT"src/gauss_jacobi.o" -mcpu=cortex-a9 -mfpu=vfpv3 -mfloat-abi=hard -I../../standalone_bsp_0/ps7_cortexa9_0/include -MMD -MP -MF"src/gauss_jacobi.d" -MT"src/gauss_jacobi.o" -o "src/gauss_jacobi.o" "../src/gauss_jacobi.c"
../src/gauss_jacobi.c: In function 'XAxiDma_Simple_MatProd':
../src/gauss_jacobi.c:122:18: warning: passing argument 1 of 'show_results' discards 'volatile' qualifier from pointer target type [-Wdiscarded-qualifiers]
     show_results(memA_D_Inv, n_it, 2*(tEnd-tStart), 1.0*(tEnd-tStart)/(COUNTS_PER_SECOND/1000000));
                  ^~~~~~~~~~
In file included from ../src/gauss_jacobi.c:11:0:
../src/gauss_jacobi.h:47:6: note: expected 'float *' but argument is of type 'volatile float *'
 void show_results(float* memA_D_Inv, int n_it, unsigned long long int clock_cycles, float u_sec);
      ^~~~~~~~~~~~
'Finished building: ../src/gauss_jacobi.c'
' '
'Building target: final_proj.elf'
'Invoking: ARM v7 gcc linker'
arm-none-eabi-gcc -mcpu=cortex-a9 -mfpu=vfpv3 -mfloat-abi=hard -Wl,-build-id=none -specs=Xilinx.spec -Wl,-T -Wl,../src/lscript.ld -L../../standalone_bsp_0/ps7_cortexa9_0/lib -o "final_proj.elf"  ./src/auxiliar_functions.o ./src/gauss_jacobi.o   -Wl,--start-group,-lxil,-lgcc,-lc,--end-group
'Finished building target: final_proj.elf'
' '
'Invoking: ARM v7 Print Size'
arm-none-eabi-size final_proj.elf  |tee "final_proj.elf.size"
   text	   data	    bss	    dec	    hex	filename
  86804	   2708	  27104	 116616	  1c788	final_proj.elf
'Finished building: final_proj.elf.size'
' '
16:59:03 **** Auto Build of configuration Debug for project final_proj ****
make pre-build main-build 
a9-linaro-pre-build-step
' '
'Building file: ../src/gauss_jacobi.c'
'Invoking: ARM v7 gcc compiler'
arm-none-eabi-gcc -Wall -O0 -g3 -c -fmessage-length=0 -MT"src/gauss_jacobi.o" -mcpu=cortex-a9 -mfpu=vfpv3 -mfloat-abi=hard -I../../standalone_bsp_0/ps7_cortexa9_0/include -MMD -MP -MF"src/gauss_jacobi.d" -MT"src/gauss_jacobi.o" -o "src/gauss_jacobi.o" "../src/gauss_jacobi.c"
../src/gauss_jacobi.c: In function 'XAxiDma_Simple_MatProd':
../src/gauss_jacobi.c:121:18: warning: passing argument 1 of 'show_results' discards 'volatile' qualifier from pointer target type [-Wdiscarded-qualifiers]
     show_results(memA_D_Inv, n_it, 2*(tEnd-tStart), 1.0*(tEnd-tStart)/(COUNTS_PER_SECOND/1000000));
                  ^~~~~~~~~~
In file included from ../src/gauss_jacobi.c:11:0:
../src/gauss_jacobi.h:47:6: note: expected 'float *' but argument is of type 'volatile float *'
 void show_results(float* memA_D_Inv, int n_it, unsigned long long int clock_cycles, float u_sec);
      ^~~~~~~~~~~~
'Finished building: ../src/gauss_jacobi.c'
' '
'Building target: final_proj.elf'
'Invoking: ARM v7 gcc linker'
arm-none-eabi-gcc -mcpu=cortex-a9 -mfpu=vfpv3 -mfloat-abi=hard -Wl,-build-id=none -specs=Xilinx.spec -Wl,-T -Wl,../src/lscript.ld -L../../standalone_bsp_0/ps7_cortexa9_0/lib -o "final_proj.elf"  ./src/auxiliar_functions.o ./src/gauss_jacobi.o   -Wl,--start-group,-lxil,-lgcc,-lc,--end-group
'Finished building target: final_proj.elf'
' '
'Invoking: ARM v7 Print Size'
arm-none-eabi-size final_proj.elf  |tee "final_proj.elf.size"
   text	   data	    bss	    dec	    hex	filename
  86868	   2708	  27104	 116680	  1c7c8	final_proj.elf
'Finished building: final_proj.elf.size'
' '
16:59:30 **** Auto Build of configuration Debug for project final_proj ****
make pre-build main-build 
a9-linaro-pre-build-step
' '
'Building file: ../src/gauss_jacobi.c'
'Invoking: ARM v7 gcc compiler'
arm-none-eabi-gcc -Wall -O0 -g3 -c -fmessage-length=0 -MT"src/gauss_jacobi.o" -mcpu=cortex-a9 -mfpu=vfpv3 -mfloat-abi=hard -I../../standalone_bsp_0/ps7_cortexa9_0/include -MMD -MP -MF"src/gauss_jacobi.d" -MT"src/gauss_jacobi.o" -o "src/gauss_jacobi.o" "../src/gauss_jacobi.c"
../src/gauss_jacobi.c: In function 'XAxiDma_Simple_MatProd':
../src/gauss_jacobi.c:121:18: warning: passing argument 1 of 'show_results' discards 'volatile' qualifier from pointer target type [-Wdiscarded-qualifiers]
     show_results(memA_D_Inv, n_it, 2*(tEnd-tStart), 1.0*(tEnd-tStart)/(COUNTS_PER_SECOND/1000000));
                  ^~~~~~~~~~
In file included from ../src/gauss_jacobi.c:11:0:
../src/gauss_jacobi.h:47:6: note: expected 'float *' but argument is of type 'volatile float *'
 void show_results(float* memA_D_Inv, int n_it, unsigned long long int clock_cycles, float u_sec);
      ^~~~~~~~~~~~
'Finished building: ../src/gauss_jacobi.c'
' '
'Building target: final_proj.elf'
'Invoking: ARM v7 gcc linker'
arm-none-eabi-gcc -mcpu=cortex-a9 -mfpu=vfpv3 -mfloat-abi=hard -Wl,-build-id=none -specs=Xilinx.spec -Wl,-T -Wl,../src/lscript.ld -L../../standalone_bsp_0/ps7_cortexa9_0/lib -o "final_proj.elf"  ./src/auxiliar_functions.o ./src/gauss_jacobi.o   -Wl,--start-group,-lxil,-lgcc,-lc,--end-group
'Finished building target: final_proj.elf'
' '
'Invoking: ARM v7 Print Size'
arm-none-eabi-size final_proj.elf  |tee "final_proj.elf.size"
   text	   data	    bss	    dec	    hex	filename
  86932	   2708	  27104	 116744	  1c808	final_proj.elf
'Finished building: final_proj.elf.size'
' '
16:59:53 **** Auto Build of configuration Debug for project final_proj ****
make pre-build main-build 
a9-linaro-pre-build-step
' '
'Building file: ../src/gauss_jacobi.c'
'Invoking: ARM v7 gcc compiler'
arm-none-eabi-gcc -Wall -O0 -g3 -c -fmessage-length=0 -MT"src/gauss_jacobi.o" -mcpu=cortex-a9 -mfpu=vfpv3 -mfloat-abi=hard -I../../standalone_bsp_0/ps7_cortexa9_0/include -MMD -MP -MF"src/gauss_jacobi.d" -MT"src/gauss_jacobi.o" -o "src/gauss_jacobi.o" "../src/gauss_jacobi.c"
../src/gauss_jacobi.c: In function 'XAxiDma_Simple_MatProd':
../src/gauss_jacobi.c:50:1: error: number of arguments doesn't match prototype
 int XAxiDma_Simple_MatProd(){
 ^~~
In file included from ../src/gauss_jacobi.c:11:0:
../src/gauss_jacobi.h:46:5: error: prototype declaration
 int XAxiDma_Simple_MatProd(u16 DeviceId, XAxiDma AxiDma);
     ^~~~~~~~~~~~~~~~~~~~~~
../src/gauss_jacobi.c:121:18: warning: passing argument 1 of 'show_results' discards 'volatile' qualifier from pointer target type [-Wdiscarded-qualifiers]
     show_results(memA_D_Inv, n_it, 2*(tEnd-tStart), 1.0*(tEnd-tStart)/(COUNTS_PER_SECOND/1000000));
                  ^~~~~~~~~~
In file included from ../src/gauss_jacobi.c:11:0:
../src/gauss_jacobi.h:47:6: note: expected 'float *' but argument is of type 'volatile float *'
 void show_results(float* memA_D_Inv, int n_it, unsigned long long int clock_cycles, float u_sec);
      ^~~~~~~~~~~~
make: *** [src/gauss_jacobi.o] Error 1
17:00:00 **** Auto Build of configuration Debug for project final_proj ****
make pre-build main-build 
a9-linaro-pre-build-step
' '
'Building file: ../src/auxiliar_functions.c'
'Invoking: ARM v7 gcc compiler'
arm-none-eabi-gcc -Wall -O0 -g3 -c -fmessage-length=0 -MT"src/auxiliar_functions.o" -mcpu=cortex-a9 -mfpu=vfpv3 -mfloat-abi=hard -I../../standalone_bsp_0/ps7_cortexa9_0/include -MMD -MP -MF"src/auxiliar_functions.d" -MT"src/auxiliar_functions.o" -o "src/auxiliar_functions.o" "../src/auxiliar_functions.c"
'Finished building: ../src/auxiliar_functions.c'
' '
'Building file: ../src/gauss_jacobi.c'
'Invoking: ARM v7 gcc compiler'
arm-none-eabi-gcc -Wall -O0 -g3 -c -fmessage-length=0 -MT"src/gauss_jacobi.o" -mcpu=cortex-a9 -mfpu=vfpv3 -mfloat-abi=hard -I../../standalone_bsp_0/ps7_cortexa9_0/include -MMD -MP -MF"src/gauss_jacobi.d" -MT"src/gauss_jacobi.o" -o "src/gauss_jacobi.o" "../src/gauss_jacobi.c"
../src/gauss_jacobi.c: In function 'XAxiDma_Simple_MatProd':
../src/gauss_jacobi.c:121:18: warning: passing argument 1 of 'show_results' discards 'volatile' qualifier from pointer target type [-Wdiscarded-qualifiers]
     show_results(memA_D_Inv, n_it, 2*(tEnd-tStart), 1.0*(tEnd-tStart)/(COUNTS_PER_SECOND/1000000));
                  ^~~~~~~~~~
In file included from ../src/gauss_jacobi.c:11:0:
../src/gauss_jacobi.h:47:6: note: expected 'float *' but argument is of type 'volatile float *'
 void show_results(float* memA_D_Inv, int n_it, unsigned long long int clock_cycles, float u_sec);
      ^~~~~~~~~~~~
'Finished building: ../src/gauss_jacobi.c'
' '
'Building target: final_proj.elf'
'Invoking: ARM v7 gcc linker'
arm-none-eabi-gcc -mcpu=cortex-a9 -mfpu=vfpv3 -mfloat-abi=hard -Wl,-build-id=none -specs=Xilinx.spec -Wl,-T -Wl,../src/lscript.ld -L../../standalone_bsp_0/ps7_cortexa9_0/lib -o "final_proj.elf"  ./src/auxiliar_functions.o ./src/gauss_jacobi.o   -Wl,--start-group,-lxil,-lgcc,-lc,--end-group
'Finished building target: final_proj.elf'
' '
'Invoking: ARM v7 Print Size'
arm-none-eabi-size final_proj.elf  |tee "final_proj.elf.size"
   text	   data	    bss	    dec	    hex	filename
  86868	   2708	  27104	 116680	  1c7c8	final_proj.elf
'Finished building: final_proj.elf.size'
' '
17:00:05 **** Auto Build of configuration Debug for project final_proj ****
make pre-build main-build 
a9-linaro-pre-build-step
' '
'Building file: ../src/auxiliar_functions.c'
'Invoking: ARM v7 gcc compiler'
arm-none-eabi-gcc -Wall -O0 -g3 -c -fmessage-length=0 -MT"src/auxiliar_functions.o" -mcpu=cortex-a9 -mfpu=vfpv3 -mfloat-abi=hard -I../../standalone_bsp_0/ps7_cortexa9_0/include -MMD -MP -MF"src/auxiliar_functions.d" -MT"src/auxiliar_functions.o" -o "src/auxiliar_functions.o" "../src/auxiliar_functions.c"
'Finished building: ../src/auxiliar_functions.c'
' '
'Building file: ../src/gauss_jacobi.c'
'Invoking: ARM v7 gcc compiler'
arm-none-eabi-gcc -Wall -O0 -g3 -c -fmessage-length=0 -MT"src/gauss_jacobi.o" -mcpu=cortex-a9 -mfpu=vfpv3 -mfloat-abi=hard -I../../standalone_bsp_0/ps7_cortexa9_0/include -MMD -MP -MF"src/gauss_jacobi.d" -MT"src/gauss_jacobi.o" -o "src/gauss_jacobi.o" "../src/gauss_jacobi.c"
../src/gauss_jacobi.c: In function 'XAxiDma_Simple_MatProd':
../src/gauss_jacobi.c:121:18: warning: passing argument 1 of 'show_results' discards 'volatile' qualifier from pointer target type [-Wdiscarded-qualifiers]
     show_results(memA_D_Inv, n_it, 2*(tEnd-tStart), 1.0*(tEnd-tStart)/(COUNTS_PER_SECOND/1000000));
                  ^~~~~~~~~~
In file included from ../src/gauss_jacobi.c:11:0:
../src/gauss_jacobi.h:47:6: note: expected 'float *' but argument is of type 'volatile float *'
 void show_results(float* memA_D_Inv, int n_it, unsigned long long int clock_cycles, float u_sec);
      ^~~~~~~~~~~~
'Finished building: ../src/gauss_jacobi.c'
' '
'Building target: final_proj.elf'
'Invoking: ARM v7 gcc linker'
arm-none-eabi-gcc -mcpu=cortex-a9 -mfpu=vfpv3 -mfloat-abi=hard -Wl,-build-id=none -specs=Xilinx.spec -Wl,-T -Wl,../src/lscript.ld -L../../standalone_bsp_0/ps7_cortexa9_0/lib -o "final_proj.elf"  ./src/auxiliar_functions.o ./src/gauss_jacobi.o   -Wl,--start-group,-lxil,-lgcc,-lc,--end-group
'Finished building target: final_proj.elf'
' '
'Invoking: ARM v7 Print Size'
arm-none-eabi-size final_proj.elf  |tee "final_proj.elf.size"
   text	   data	    bss	    dec	    hex	filename
  86868	   2708	  27104	 116680	  1c7c8	final_proj.elf
'Finished building: final_proj.elf.size'
' '
17:00:27 **** Auto Build of configuration Debug for project final_proj ****
make pre-build main-build 
a9-linaro-pre-build-step
' '
'Building file: ../src/gauss_jacobi.c'
'Invoking: ARM v7 gcc compiler'
arm-none-eabi-gcc -Wall -O0 -g3 -c -fmessage-length=0 -MT"src/gauss_jacobi.o" -mcpu=cortex-a9 -mfpu=vfpv3 -mfloat-abi=hard -I../../standalone_bsp_0/ps7_cortexa9_0/include -MMD -MP -MF"src/gauss_jacobi.d" -MT"src/gauss_jacobi.o" -o "src/gauss_jacobi.o" "../src/gauss_jacobi.c"
../src/gauss_jacobi.c: In function 'XAxiDma_Simple_MatProd':
../src/gauss_jacobi.c:115:18: warning: passing argument 1 of 'show_results' discards 'volatile' qualifier from pointer target type [-Wdiscarded-qualifiers]
     show_results(memA_D_Inv, n_it, 2*(tEnd-tStart), 1.0*(tEnd-tStart)/(COUNTS_PER_SECOND/1000000));
                  ^~~~~~~~~~
In file included from ../src/gauss_jacobi.c:11:0:
../src/gauss_jacobi.h:47:6: note: expected 'float *' but argument is of type 'volatile float *'
 void show_results(float* memA_D_Inv, int n_it, unsigned long long int clock_cycles, float u_sec);
      ^~~~~~~~~~~~
'Finished building: ../src/gauss_jacobi.c'
' '
'Building target: final_proj.elf'
'Invoking: ARM v7 gcc linker'
arm-none-eabi-gcc -mcpu=cortex-a9 -mfpu=vfpv3 -mfloat-abi=hard -Wl,-build-id=none -specs=Xilinx.spec -Wl,-T -Wl,../src/lscript.ld -L../../standalone_bsp_0/ps7_cortexa9_0/lib -o "final_proj.elf"  ./src/auxiliar_functions.o ./src/gauss_jacobi.o   -Wl,--start-group,-lxil,-lgcc,-lc,--end-group
'Finished building target: final_proj.elf'
' '
'Invoking: ARM v7 Print Size'
arm-none-eabi-size final_proj.elf  |tee "final_proj.elf.size"
   text	   data	    bss	    dec	    hex	filename
  86740	   2708	  27104	 116552	  1c748	final_proj.elf
'Finished building: final_proj.elf.size'
' '
17:03:59 **** Incremental Build of configuration Debug for project final_proj ****
make pre-build main-build 
a9-linaro-pre-build-step
' '
make: Nothing to be done for `main-build'.
17:05:39 **** Auto Build of configuration Debug for project final_proj ****
make pre-build main-build 
a9-linaro-pre-build-step
' '
'Building file: ../src/gauss_jacobi.c'
'Invoking: ARM v7 gcc compiler'
arm-none-eabi-gcc -Wall -O0 -g3 -c -fmessage-length=0 -MT"src/gauss_jacobi.o" -mcpu=cortex-a9 -mfpu=vfpv3 -mfloat-abi=hard -I../../standalone_bsp_0/ps7_cortexa9_0/include -MMD -MP -MF"src/gauss_jacobi.d" -MT"src/gauss_jacobi.o" -o "src/gauss_jacobi.o" "../src/gauss_jacobi.c"
../src/gauss_jacobi.c: In function 'XAxiDma_Simple_MatProd':
../src/gauss_jacobi.c:115:18: warning: passing argument 1 of 'show_results' discards 'volatile' qualifier from pointer target type [-Wdiscarded-qualifiers]
     show_results(memA_D_Inv, n_it, 2*(tEnd-tStart), 1.0*(tEnd-tStart)/(COUNTS_PER_SECOND/1000000));
                  ^~~~~~~~~~
In file included from ../src/gauss_jacobi.c:11:0:
../src/gauss_jacobi.h:47:6: note: expected 'float *' but argument is of type 'volatile float *'
 void show_results(float* memA_D_Inv, int n_it, unsigned long long int clock_cycles, float u_sec);
      ^~~~~~~~~~~~
'Finished building: ../src/gauss_jacobi.c'
' '
'Building target: final_proj.elf'
'Invoking: ARM v7 gcc linker'
arm-none-eabi-gcc -mcpu=cortex-a9 -mfpu=vfpv3 -mfloat-abi=hard -Wl,-build-id=none -specs=Xilinx.spec -Wl,-T -Wl,../src/lscript.ld -L../../standalone_bsp_0/ps7_cortexa9_0/lib -o "final_proj.elf"  ./src/auxiliar_functions.o ./src/gauss_jacobi.o   -Wl,--start-group,-lxil,-lgcc,-lc,--end-group
'Finished building target: final_proj.elf'
' '
'Invoking: ARM v7 Print Size'
arm-none-eabi-size final_proj.elf  |tee "final_proj.elf.size"
   text	   data	    bss	    dec	    hex	filename
  86828	   2708	  27104	 116640	  1c7a0	final_proj.elf
'Finished building: final_proj.elf.size'
' '
17:06:03 **** Incremental Build of configuration Debug for project final_proj ****
make pre-build main-build 
a9-linaro-pre-build-step
' '
make: Nothing to be done for `main-build'.
17:07:57 **** Auto Build of configuration Debug for project final_proj ****
make pre-build main-build 
a9-linaro-pre-build-step
' '
'Building file: ../src/gauss_jacobi.c'
'Invoking: ARM v7 gcc compiler'
arm-none-eabi-gcc -Wall -O0 -g3 -c -fmessage-length=0 -MT"src/gauss_jacobi.o" -mcpu=cortex-a9 -mfpu=vfpv3 -mfloat-abi=hard -I../../standalone_bsp_0/ps7_cortexa9_0/include -MMD -MP -MF"src/gauss_jacobi.d" -MT"src/gauss_jacobi.o" -o "src/gauss_jacobi.o" "../src/gauss_jacobi.c"
../src/gauss_jacobi.c: In function 'XAxiDma_Simple_MatProd':
../src/gauss_jacobi.c:115:18: warning: passing argument 1 of 'show_results' discards 'volatile' qualifier from pointer target type [-Wdiscarded-qualifiers]
     show_results(memA_D_Inv, n_it, 2*(tEnd-tStart), 1.0*(tEnd-tStart)/(COUNTS_PER_SECOND/1000000));
                  ^~~~~~~~~~
In file included from ../src/gauss_jacobi.c:11:0:
../src/gauss_jacobi.h:47:6: note: expected 'float *' but argument is of type 'volatile float *'
 void show_results(float* memA_D_Inv, int n_it, unsigned long long int clock_cycles, float u_sec);
      ^~~~~~~~~~~~
'Finished building: ../src/gauss_jacobi.c'
' '
'Building target: final_proj.elf'
'Invoking: ARM v7 gcc linker'
arm-none-eabi-gcc -mcpu=cortex-a9 -mfpu=vfpv3 -mfloat-abi=hard -Wl,-build-id=none -specs=Xilinx.spec -Wl,-T -Wl,../src/lscript.ld -L../../standalone_bsp_0/ps7_cortexa9_0/lib -o "final_proj.elf"  ./src/auxiliar_functions.o ./src/gauss_jacobi.o   -Wl,--start-group,-lxil,-lgcc,-lc,--end-group
'Finished building target: final_proj.elf'
' '
'Invoking: ARM v7 Print Size'
arm-none-eabi-size final_proj.elf  |tee "final_proj.elf.size"
   text	   data	    bss	    dec	    hex	filename
  86828	   2708	  27104	 116640	  1c7a0	final_proj.elf
'Finished building: final_proj.elf.size'
' '
17:08:50 **** Auto Build of configuration Debug for project final_proj ****
make pre-build main-build 
a9-linaro-pre-build-step
' '
'Building file: ../src/auxiliar_functions.c'
'Invoking: ARM v7 gcc compiler'
arm-none-eabi-gcc -Wall -O0 -g3 -c -fmessage-length=0 -MT"src/auxiliar_functions.o" -mcpu=cortex-a9 -mfpu=vfpv3 -mfloat-abi=hard -I../../standalone_bsp_0/ps7_cortexa9_0/include -MMD -MP -MF"src/auxiliar_functions.d" -MT"src/auxiliar_functions.o" -o "src/auxiliar_functions.o" "../src/auxiliar_functions.c"
'Finished building: ../src/auxiliar_functions.c'
' '
'Building file: ../src/gauss_jacobi.c'
'Invoking: ARM v7 gcc compiler'
arm-none-eabi-gcc -Wall -O0 -g3 -c -fmessage-length=0 -MT"src/gauss_jacobi.o" -mcpu=cortex-a9 -mfpu=vfpv3 -mfloat-abi=hard -I../../standalone_bsp_0/ps7_cortexa9_0/include -MMD -MP -MF"src/gauss_jacobi.d" -MT"src/gauss_jacobi.o" -o "src/gauss_jacobi.o" "../src/gauss_jacobi.c"
../src/gauss_jacobi.c: In function 'XAxiDma_Simple_MatProd':
../src/gauss_jacobi.c:115:18: warning: passing argument 1 of 'show_results' discards 'volatile' qualifier from pointer target type [-Wdiscarded-qualifiers]
     show_results(memA_D_Inv, n_it, 2*(tEnd-tStart), 1.0*(tEnd-tStart)/(COUNTS_PER_SECOND/1000000));
                  ^~~~~~~~~~
In file included from ../src/gauss_jacobi.c:11:0:
../src/gauss_jacobi.h:47:6: note: expected 'float *' but argument is of type 'volatile float *'
 void show_results(float* memA_D_Inv, int n_it, unsigned long long int clock_cycles, float u_sec);
      ^~~~~~~~~~~~
'Finished building: ../src/gauss_jacobi.c'
' '
'Building target: final_proj.elf'
'Invoking: ARM v7 gcc linker'
arm-none-eabi-gcc -mcpu=cortex-a9 -mfpu=vfpv3 -mfloat-abi=hard -Wl,-build-id=none -specs=Xilinx.spec -Wl,-T -Wl,../src/lscript.ld -L../../standalone_bsp_0/ps7_cortexa9_0/lib -o "final_proj.elf"  ./src/auxiliar_functions.o ./src/gauss_jacobi.o   -Wl,--start-group,-lxil,-lgcc,-lc,--end-group
'Finished building target: final_proj.elf'
' '
'Invoking: ARM v7 Print Size'
arm-none-eabi-size final_proj.elf  |tee "final_proj.elf.size"
   text	   data	    bss	    dec	    hex	filename
  86892	   2708	  27104	 116704	  1c7e0	final_proj.elf
'Finished building: final_proj.elf.size'
' '
17:08:55 **** Auto Build of configuration Debug for project final_proj ****
make pre-build main-build 
a9-linaro-pre-build-step
' '
'Building file: ../src/auxiliar_functions.c'
'Invoking: ARM v7 gcc compiler'
arm-none-eabi-gcc -Wall -O0 -g3 -c -fmessage-length=0 -MT"src/auxiliar_functions.o" -mcpu=cortex-a9 -mfpu=vfpv3 -mfloat-abi=hard -I../../standalone_bsp_0/ps7_cortexa9_0/include -MMD -MP -MF"src/auxiliar_functions.d" -MT"src/auxiliar_functions.o" -o "src/auxiliar_functions.o" "../src/auxiliar_functions.c"
'Finished building: ../src/auxiliar_functions.c'
' '
'Building file: ../src/gauss_jacobi.c'
'Invoking: ARM v7 gcc compiler'
arm-none-eabi-gcc -Wall -O0 -g3 -c -fmessage-length=0 -MT"src/gauss_jacobi.o" -mcpu=cortex-a9 -mfpu=vfpv3 -mfloat-abi=hard -I../../standalone_bsp_0/ps7_cortexa9_0/include -MMD -MP -MF"src/gauss_jacobi.d" -MT"src/gauss_jacobi.o" -o "src/gauss_jacobi.o" "../src/gauss_jacobi.c"
../src/gauss_jacobi.c: In function 'XAxiDma_Simple_MatProd':
../src/gauss_jacobi.c:115:18: warning: passing argument 1 of 'show_results' discards 'volatile' qualifier from pointer target type [-Wdiscarded-qualifiers]
     show_results(memA_D_Inv, n_it, 2*(tEnd-tStart), 1.0*(tEnd-tStart)/(COUNTS_PER_SECOND/1000000));
                  ^~~~~~~~~~
In file included from ../src/gauss_jacobi.c:11:0:
../src/gauss_jacobi.h:47:6: note: expected 'float *' but argument is of type 'volatile float *'
 void show_results(float* memA_D_Inv, int n_it, unsigned long long int clock_cycles, float u_sec);
      ^~~~~~~~~~~~
'Finished building: ../src/gauss_jacobi.c'
' '
'Building target: final_proj.elf'
'Invoking: ARM v7 gcc linker'
arm-none-eabi-gcc -mcpu=cortex-a9 -mfpu=vfpv3 -mfloat-abi=hard -Wl,-build-id=none -specs=Xilinx.spec -Wl,-T -Wl,../src/lscript.ld -L../../standalone_bsp_0/ps7_cortexa9_0/lib -o "final_proj.elf"  ./src/auxiliar_functions.o ./src/gauss_jacobi.o   -Wl,--start-group,-lxil,-lgcc,-lc,--end-group
'Finished building target: final_proj.elf'
' '
'Invoking: ARM v7 Print Size'
arm-none-eabi-size final_proj.elf  |tee "final_proj.elf.size"
   text	   data	    bss	    dec	    hex	filename
  86892	   2708	  27104	 116704	  1c7e0	final_proj.elf
'Finished building: final_proj.elf.size'
' '
17:08:58 **** Incremental Build of configuration Debug for project final_proj ****
make pre-build main-build 
a9-linaro-pre-build-step
' '
make: Nothing to be done for `main-build'.
17:10:17 **** Auto Build of configuration Debug for project final_proj ****
make pre-build main-build 
a9-linaro-pre-build-step
' '
'Building file: ../src/gauss_jacobi.c'
'Invoking: ARM v7 gcc compiler'
arm-none-eabi-gcc -Wall -O0 -g3 -c -fmessage-length=0 -MT"src/gauss_jacobi.o" -mcpu=cortex-a9 -mfpu=vfpv3 -mfloat-abi=hard -I../../standalone_bsp_0/ps7_cortexa9_0/include -MMD -MP -MF"src/gauss_jacobi.d" -MT"src/gauss_jacobi.o" -o "src/gauss_jacobi.o" "../src/gauss_jacobi.c"
../src/gauss_jacobi.c: In function 'XAxiDma_Simple_MatProd':
../src/gauss_jacobi.c:124:18: warning: passing argument 1 of 'show_results' discards 'volatile' qualifier from pointer target type [-Wdiscarded-qualifiers]
     show_results(memA_D_Inv, n_it, 2*(tEnd-tStart), 1.0*(tEnd-tStart)/(COUNTS_PER_SECOND/1000000));
                  ^~~~~~~~~~
In file included from ../src/gauss_jacobi.c:11:0:
../src/gauss_jacobi.h:47:6: note: expected 'float *' but argument is of type 'volatile float *'
 void show_results(float* memA_D_Inv, int n_it, unsigned long long int clock_cycles, float u_sec);
      ^~~~~~~~~~~~
'Finished building: ../src/gauss_jacobi.c'
' '
'Building target: final_proj.elf'
'Invoking: ARM v7 gcc linker'
arm-none-eabi-gcc -mcpu=cortex-a9 -mfpu=vfpv3 -mfloat-abi=hard -Wl,-build-id=none -specs=Xilinx.spec -Wl,-T -Wl,../src/lscript.ld -L../../standalone_bsp_0/ps7_cortexa9_0/lib -o "final_proj.elf"  ./src/auxiliar_functions.o ./src/gauss_jacobi.o   -Wl,--start-group,-lxil,-lgcc,-lc,--end-group
'Finished building target: final_proj.elf'
' '
'Invoking: ARM v7 Print Size'
arm-none-eabi-size final_proj.elf  |tee "final_proj.elf.size"
   text	   data	    bss	    dec	    hex	filename
  87108	   2708	  27104	 116920	  1c8b8	final_proj.elf
'Finished building: final_proj.elf.size'
' '
17:10:19 **** Incremental Build of configuration Debug for project final_proj ****
make pre-build main-build 
a9-linaro-pre-build-step
' '
make: Nothing to be done for `main-build'.
17:12:36 **** Auto Build of configuration Debug for project final_proj ****
make pre-build main-build 
a9-linaro-pre-build-step
' '
'Building file: ../src/gauss_jacobi.c'
'Invoking: ARM v7 gcc compiler'
arm-none-eabi-gcc -Wall -O0 -g3 -c -fmessage-length=0 -MT"src/gauss_jacobi.o" -mcpu=cortex-a9 -mfpu=vfpv3 -mfloat-abi=hard -I../../standalone_bsp_0/ps7_cortexa9_0/include -MMD -MP -MF"src/gauss_jacobi.d" -MT"src/gauss_jacobi.o" -o "src/gauss_jacobi.o" "../src/gauss_jacobi.c"
../src/gauss_jacobi.c: In function 'XAxiDma_Simple_MatProd':
../src/gauss_jacobi.c:124:18: warning: passing argument 1 of 'show_results' discards 'volatile' qualifier from pointer target type [-Wdiscarded-qualifiers]
     show_results(memA_D_Inv, n_it, 2*(tEnd-tStart), 1.0*(tEnd-tStart)/(COUNTS_PER_SECOND/1000000));
                  ^~~~~~~~~~
In file included from ../src/gauss_jacobi.c:11:0:
../src/gauss_jacobi.h:47:6: note: expected 'float *' but argument is of type 'volatile float *'
 void show_results(float* memA_D_Inv, int n_it, unsigned long long int clock_cycles, float u_sec);
      ^~~~~~~~~~~~
'Finished building: ../src/gauss_jacobi.c'
' '
'Building target: final_proj.elf'
'Invoking: ARM v7 gcc linker'
arm-none-eabi-gcc -mcpu=cortex-a9 -mfpu=vfpv3 -mfloat-abi=hard -Wl,-build-id=none -specs=Xilinx.spec -Wl,-T -Wl,../src/lscript.ld -L../../standalone_bsp_0/ps7_cortexa9_0/lib -o "final_proj.elf"  ./src/auxiliar_functions.o ./src/gauss_jacobi.o   -Wl,--start-group,-lxil,-lgcc,-lc,--end-group
'Finished building target: final_proj.elf'
' '
'Invoking: ARM v7 Print Size'
arm-none-eabi-size final_proj.elf  |tee "final_proj.elf.size"
   text	   data	    bss	    dec	    hex	filename
  87172	   2708	  27104	 116984	  1c8f8	final_proj.elf
'Finished building: final_proj.elf.size'
' '
17:12:50 **** Auto Build of configuration Debug for project final_proj ****
make pre-build main-build 
a9-linaro-pre-build-step
' '
'Building file: ../src/gauss_jacobi.c'
'Invoking: ARM v7 gcc compiler'
arm-none-eabi-gcc -Wall -O0 -g3 -c -fmessage-length=0 -MT"src/gauss_jacobi.o" -mcpu=cortex-a9 -mfpu=vfpv3 -mfloat-abi=hard -I../../standalone_bsp_0/ps7_cortexa9_0/include -MMD -MP -MF"src/gauss_jacobi.d" -MT"src/gauss_jacobi.o" -o "src/gauss_jacobi.o" "../src/gauss_jacobi.c"
../src/gauss_jacobi.c: In function 'XAxiDma_Simple_MatProd':
../src/gauss_jacobi.c:124:18: warning: passing argument 1 of 'show_results' discards 'volatile' qualifier from pointer target type [-Wdiscarded-qualifiers]
     show_results(memA_D_Inv, n_it, 2*(tEnd-tStart), 1.0*(tEnd-tStart)/(COUNTS_PER_SECOND/1000000));
                  ^~~~~~~~~~
In file included from ../src/gauss_jacobi.c:11:0:
../src/gauss_jacobi.h:47:6: note: expected 'float *' but argument is of type 'volatile float *'
 void show_results(float* memA_D_Inv, int n_it, unsigned long long int clock_cycles, float u_sec);
      ^~~~~~~~~~~~
'Finished building: ../src/gauss_jacobi.c'
' '
'Building target: final_proj.elf'
'Invoking: ARM v7 gcc linker'
arm-none-eabi-gcc -mcpu=cortex-a9 -mfpu=vfpv3 -mfloat-abi=hard -Wl,-build-id=none -specs=Xilinx.spec -Wl,-T -Wl,../src/lscript.ld -L../../standalone_bsp_0/ps7_cortexa9_0/lib -o "final_proj.elf"  ./src/auxiliar_functions.o ./src/gauss_jacobi.o   -Wl,--start-group,-lxil,-lgcc,-lc,--end-group
'Finished building target: final_proj.elf'
' '
'Invoking: ARM v7 Print Size'
arm-none-eabi-size final_proj.elf  |tee "final_proj.elf.size"
   text	   data	    bss	    dec	    hex	filename
  87172	   2708	  27104	 116984	  1c8f8	final_proj.elf
'Finished building: final_proj.elf.size'
' '
17:12:53 **** Incremental Build of configuration Debug for project final_proj ****
make pre-build main-build 
a9-linaro-pre-build-step
' '
make: Nothing to be done for `main-build'.
17:13:32 **** Auto Build of configuration Debug for project final_proj ****
make pre-build main-build 
a9-linaro-pre-build-step
' '
'Building file: ../src/gauss_jacobi.c'
'Invoking: ARM v7 gcc compiler'
arm-none-eabi-gcc -Wall -O0 -g3 -c -fmessage-length=0 -MT"src/gauss_jacobi.o" -mcpu=cortex-a9 -mfpu=vfpv3 -mfloat-abi=hard -I../../standalone_bsp_0/ps7_cortexa9_0/include -MMD -MP -MF"src/gauss_jacobi.d" -MT"src/gauss_jacobi.o" -o "src/gauss_jacobi.o" "../src/gauss_jacobi.c"
../src/gauss_jacobi.c: In function 'XAxiDma_Simple_MatProd':
../src/gauss_jacobi.c:124:18: warning: passing argument 1 of 'show_results' discards 'volatile' qualifier from pointer target type [-Wdiscarded-qualifiers]
     show_results(memA_D_Inv, n_it, 2*(tEnd-tStart), 1.0*(tEnd-tStart)/(COUNTS_PER_SECOND/1000000));
                  ^~~~~~~~~~
In file included from ../src/gauss_jacobi.c:11:0:
../src/gauss_jacobi.h:47:6: note: expected 'float *' but argument is of type 'volatile float *'
 void show_results(float* memA_D_Inv, int n_it, unsigned long long int clock_cycles, float u_sec);
      ^~~~~~~~~~~~
'Finished building: ../src/gauss_jacobi.c'
' '
'Building target: final_proj.elf'
'Invoking: ARM v7 gcc linker'
arm-none-eabi-gcc -mcpu=cortex-a9 -mfpu=vfpv3 -mfloat-abi=hard -Wl,-build-id=none -specs=Xilinx.spec -Wl,-T -Wl,../src/lscript.ld -L../../standalone_bsp_0/ps7_cortexa9_0/lib -o "final_proj.elf"  ./src/auxiliar_functions.o ./src/gauss_jacobi.o   -Wl,--start-group,-lxil,-lgcc,-lc,--end-group
'Finished building target: final_proj.elf'
' '
'Invoking: ARM v7 Print Size'
arm-none-eabi-size final_proj.elf  |tee "final_proj.elf.size"
   text	   data	    bss	    dec	    hex	filename
  87236	   2708	  27104	 117048	  1c938	final_proj.elf
'Finished building: final_proj.elf.size'
' '
17:13:36 **** Incremental Build of configuration Debug for project final_proj ****
make pre-build main-build 
a9-linaro-pre-build-step
' '
make: Nothing to be done for `main-build'.
17:16:10 **** Auto Build of configuration Debug for project final_proj ****
make pre-build main-build 
a9-linaro-pre-build-step
' '
make: Nothing to be done for `main-build'.
17:16:44 **** Clean-only build of configuration Debug for project final_proj ****
make clean 
rm -rf  ./src/auxiliar_functions.o ./src/gauss_jacobi.o  ./src/auxiliar_functions.d ./src/gauss_jacobi.d  final_proj.elf.size  final_proj.elf
' '

****  of configuration Debug for project final_proj ****

Nothing to build for project final_proj
17:16:52 **** Auto Build of configuration Debug for project final_proj ****
make pre-build main-build 
a9-linaro-pre-build-step
' '
'Building file: ../src/auxiliar_functions.c'
'Invoking: ARM v7 gcc compiler'
arm-none-eabi-gcc -Wall -O0 -g3 -c -fmessage-length=0 -MT"src/auxiliar_functions.o" -mcpu=cortex-a9 -mfpu=vfpv3 -mfloat-abi=hard -I../../standalone_bsp_0/ps7_cortexa9_0/include -MMD -MP -MF"src/auxiliar_functions.d" -MT"src/auxiliar_functions.o" -o "src/auxiliar_functions.o" "../src/auxiliar_functions.c"
'Finished building: ../src/auxiliar_functions.c'
' '
'Building file: ../src/gauss_jacobi.c'
'Invoking: ARM v7 gcc compiler'
arm-none-eabi-gcc -Wall -O0 -g3 -c -fmessage-length=0 -MT"src/gauss_jacobi.o" -mcpu=cortex-a9 -mfpu=vfpv3 -mfloat-abi=hard -I../../standalone_bsp_0/ps7_cortexa9_0/include -MMD -MP -MF"src/gauss_jacobi.d" -MT"src/gauss_jacobi.o" -o "src/gauss_jacobi.o" "../src/gauss_jacobi.c"
../src/gauss_jacobi.c: In function 'main':
../src/gauss_jacobi.c:23:11: error: too many arguments to function 'init_XAxiDma_SimplePollMode'
  status = init_XAxiDma_SimplePollMode(DMA_DEV_ID_0, AxiDma_0);
           ^~~~~~~~~~~~~~~~~~~~~~~~~~~
In file included from ../src/gauss_jacobi.c:11:0:
../src/gauss_jacobi.h:48:5: note: declared here
 int init_XAxiDma_SimplePollMode(u16 DeviceId);
     ^~~~~~~~~~~~~~~~~~~~~~~~~~~
../src/gauss_jacobi.c:29:11: error: too many arguments to function 'init_XAxiDma_SimplePollMode'
  status = init_XAxiDma_SimplePollMode(DMA_DEV_ID_1, AxiDma_1);
           ^~~~~~~~~~~~~~~~~~~~~~~~~~~
In file included from ../src/gauss_jacobi.c:11:0:
../src/gauss_jacobi.h:48:5: note: declared here
 int init_XAxiDma_SimplePollMode(u16 DeviceId);
     ^~~~~~~~~~~~~~~~~~~~~~~~~~~
../src/gauss_jacobi.c:35:11: error: too many arguments to function 'XAxiDma_Simple_MatProd'
  status = XAxiDma_Simple_MatProd(DMA_DEV_ID_0, AxiDma_0);
           ^~~~~~~~~~~~~~~~~~~~~~
In file included from ../src/gauss_jacobi.c:11:0:
../src/gauss_jacobi.h:49:5: note: declared here
 int XAxiDma_Simple_MatProd(u16 DeviceId);
     ^~~~~~~~~~~~~~~~~~~~~~
../src/gauss_jacobi.c:41:11: error: too many arguments to function 'XAxiDma_Simple_MatProd'
  status = XAxiDma_Simple_MatProd(DMA_DEV_ID_1, AxiDma_1);
           ^~~~~~~~~~~~~~~~~~~~~~
In file included from ../src/gauss_jacobi.c:11:0:
../src/gauss_jacobi.h:49:5: note: declared here
 int XAxiDma_Simple_MatProd(u16 DeviceId);
     ^~~~~~~~~~~~~~~~~~~~~~
../src/gauss_jacobi.c: At top level:
../src/gauss_jacobi.c:50:5: error: conflicting types for 'XAxiDma_Simple_MatProd'
 int XAxiDma_Simple_MatProd(u16 DeviceId, XAxiDma AxiDma){
     ^~~~~~~~~~~~~~~~~~~~~~
In file included from ../src/gauss_jacobi.c:11:0:
../src/gauss_jacobi.h:49:5: note: previous declaration of 'XAxiDma_Simple_MatProd' was here
 int XAxiDma_Simple_MatProd(u16 DeviceId);
     ^~~~~~~~~~~~~~~~~~~~~~
../src/gauss_jacobi.c: In function 'XAxiDma_Simple_MatProd':
../src/gauss_jacobi.c:92:6: error: expected expression before ')' token
   if()
      ^
../src/gauss_jacobi.c:122:18: warning: passing argument 1 of 'show_results' discards 'volatile' qualifier from pointer target type [-Wdiscarded-qualifiers]
     show_results(memA_D_Inv, n_it, 2*(tEnd-tStart), 1.0*(tEnd-tStart)/(COUNTS_PER_SECOND/1000000));
                  ^~~~~~~~~~
In file included from ../src/gauss_jacobi.c:11:0:
../src/gauss_jacobi.h:50:6: note: expected 'float *' but argument is of type 'volatile float *'
 void show_results(float* memA_D_Inv, int n_it, unsigned long long int clock_cycles, float u_sec);
      ^~~~~~~~~~~~
make: *** [src/gauss_jacobi.o] Error 1
17:17:30 **** Clean-only build of configuration Debug for project final_proj ****
make clean 
rm -rf  ./src/auxiliar_functions.o ./src/gauss_jacobi.o  ./src/auxiliar_functions.d ./src/gauss_jacobi.d  final_proj.elf.size  final_proj.elf
' '

****  of configuration Debug for project final_proj ****

Nothing to build for project final_proj
17:18:10 **** Auto Build of configuration Debug for project final_proj ****
make pre-build main-build 
a9-linaro-pre-build-step
' '
'Building file: ../src/auxiliar_functions.c'
'Invoking: ARM v7 gcc compiler'
arm-none-eabi-gcc -Wall -O0 -g3 -c -fmessage-length=0 -MT"src/auxiliar_functions.o" -mcpu=cortex-a9 -mfpu=vfpv3 -mfloat-abi=hard -I../../standalone_bsp_0/ps7_cortexa9_0/include -MMD -MP -MF"src/auxiliar_functions.d" -MT"src/auxiliar_functions.o" -o "src/auxiliar_functions.o" "../src/auxiliar_functions.c"
'Finished building: ../src/auxiliar_functions.c'
' '
'Building file: ../src/gauss_jacobi.c'
'Invoking: ARM v7 gcc compiler'
arm-none-eabi-gcc -Wall -O0 -g3 -c -fmessage-length=0 -MT"src/gauss_jacobi.o" -mcpu=cortex-a9 -mfpu=vfpv3 -mfloat-abi=hard -I../../standalone_bsp_0/ps7_cortexa9_0/include -MMD -MP -MF"src/gauss_jacobi.d" -MT"src/gauss_jacobi.o" -o "src/gauss_jacobi.o" "../src/gauss_jacobi.c"
../src/gauss_jacobi.c: In function 'XAxiDma_Simple_MatProd':
../src/gauss_jacobi.c:106:18: warning: passing argument 1 of 'show_results' discards 'volatile' qualifier from pointer target type [-Wdiscarded-qualifiers]
     show_results(memA_D_Inv, n_it, 2*(tEnd-tStart), 1.0*(tEnd-tStart)/(COUNTS_PER_SECOND/1000000));
                  ^~~~~~~~~~
In file included from ../src/gauss_jacobi.c:11:0:
../src/gauss_jacobi.h:49:6: note: expected 'float *' but argument is of type 'volatile float *'
 void show_results(float* memA_D_Inv, int n_it, unsigned long long int clock_cycles, float u_sec);
      ^~~~~~~~~~~~
'Finished building: ../src/gauss_jacobi.c'
' '
'Building target: final_proj.elf'
'Invoking: ARM v7 gcc linker'
arm-none-eabi-gcc -mcpu=cortex-a9 -mfpu=vfpv3 -mfloat-abi=hard -Wl,-build-id=none -specs=Xilinx.spec -Wl,-T -Wl,../src/lscript.ld -L../../standalone_bsp_0/ps7_cortexa9_0/lib -o "final_proj.elf"  ./src/auxiliar_functions.o ./src/gauss_jacobi.o   -Wl,--start-group,-lxil,-lgcc,-lc,--end-group
'Finished building target: final_proj.elf'
' '
'Invoking: ARM v7 Print Size'
arm-none-eabi-size final_proj.elf  |tee "final_proj.elf.size"
   text	   data	    bss	    dec	    hex	filename
  86356	   2708	  25232	 114296	  1be78	final_proj.elf
'Finished building: final_proj.elf.size'
' '
17:18:15 **** Incremental Build of configuration Debug for project final_proj ****
make pre-build main-build 
a9-linaro-pre-build-step
' '
make: Nothing to be done for `main-build'.
17:20:04 **** Auto Build of configuration Debug for project final_proj ****
make pre-build main-build 
a9-linaro-pre-build-step
' '
'Building file: ../src/auxiliar_functions.c'
'Invoking: ARM v7 gcc compiler'
arm-none-eabi-gcc -Wall -O0 -g3 -c -fmessage-length=0 -MT"src/auxiliar_functions.o" -mcpu=cortex-a9 -mfpu=vfpv3 -mfloat-abi=hard -I../../standalone_bsp_0/ps7_cortexa9_0/include -MMD -MP -MF"src/auxiliar_functions.d" -MT"src/auxiliar_functions.o" -o "src/auxiliar_functions.o" "../src/auxiliar_functions.c"
'Finished building: ../src/auxiliar_functions.c'
' '
'Building file: ../src/gauss_jacobi.c'
'Invoking: ARM v7 gcc compiler'
arm-none-eabi-gcc -Wall -O0 -g3 -c -fmessage-length=0 -MT"src/gauss_jacobi.o" -mcpu=cortex-a9 -mfpu=vfpv3 -mfloat-abi=hard -I../../standalone_bsp_0/ps7_cortexa9_0/include -MMD -MP -MF"src/gauss_jacobi.d" -MT"src/gauss_jacobi.o" -o "src/gauss_jacobi.o" "../src/gauss_jacobi.c"
../src/gauss_jacobi.c: In function 'XAxiDma_Simple_MatProd':
../src/gauss_jacobi.c:106:18: warning: passing argument 1 of 'show_results' discards 'volatile' qualifier from pointer target type [-Wdiscarded-qualifiers]
     show_results(memA_D_Inv, n_it, 2*(tEnd-tStart), 1.0*(tEnd-tStart)/(COUNTS_PER_SECOND/1000000));
                  ^~~~~~~~~~
In file included from ../src/gauss_jacobi.c:11:0:
../src/gauss_jacobi.h:49:6: note: expected 'float *' but argument is of type 'volatile float *'
 void show_results(float* memA_D_Inv, int n_it, unsigned long long int clock_cycles, float u_sec);
      ^~~~~~~~~~~~
'Finished building: ../src/gauss_jacobi.c'
' '
'Building target: final_proj.elf'
'Invoking: ARM v7 gcc linker'
arm-none-eabi-gcc -mcpu=cortex-a9 -mfpu=vfpv3 -mfloat-abi=hard -Wl,-build-id=none -specs=Xilinx.spec -Wl,-T -Wl,../src/lscript.ld -L../../standalone_bsp_0/ps7_cortexa9_0/lib -o "final_proj.elf"  ./src/auxiliar_functions.o ./src/gauss_jacobi.o   -Wl,--start-group,-lxil,-lgcc,-lc,--end-group
'Finished building target: final_proj.elf'
' '
'Invoking: ARM v7 Print Size'
arm-none-eabi-size final_proj.elf  |tee "final_proj.elf.size"
   text	   data	    bss	    dec	    hex	filename
  86356	   2708	  25232	 114296	  1be78	final_proj.elf
'Finished building: final_proj.elf.size'
' '
17:20:05 **** Incremental Build of configuration Debug for project final_proj ****
make pre-build main-build 
a9-linaro-pre-build-step
' '
make: Nothing to be done for `main-build'.
17:22:05 **** Auto Build of configuration Debug for project final_proj ****
make pre-build main-build 
a9-linaro-pre-build-step
' '
'Building file: ../src/gauss_jacobi.c'
'Invoking: ARM v7 gcc compiler'
arm-none-eabi-gcc -Wall -O0 -g3 -c -fmessage-length=0 -MT"src/gauss_jacobi.o" -mcpu=cortex-a9 -mfpu=vfpv3 -mfloat-abi=hard -I../../standalone_bsp_0/ps7_cortexa9_0/include -MMD -MP -MF"src/gauss_jacobi.d" -MT"src/gauss_jacobi.o" -o "src/gauss_jacobi.o" "../src/gauss_jacobi.c"
../src/gauss_jacobi.c: In function 'XAxiDma_Simple_MatProd':
../src/gauss_jacobi.c:106:18: warning: passing argument 1 of 'show_results' discards 'volatile' qualifier from pointer target type [-Wdiscarded-qualifiers]
     show_results(memA_D_Inv, n_it, 2*(tEnd-tStart), 1.0*(tEnd-tStart)/(COUNTS_PER_SECOND/1000000));
                  ^~~~~~~~~~
In file included from ../src/gauss_jacobi.c:11:0:
../src/gauss_jacobi.h:49:6: note: expected 'float *' but argument is of type 'volatile float *'
 void show_results(float* memA_D_Inv, int n_it, unsigned long long int clock_cycles, float u_sec);
      ^~~~~~~~~~~~
'Finished building: ../src/gauss_jacobi.c'
' '
'Building target: final_proj.elf'
'Invoking: ARM v7 gcc linker'
arm-none-eabi-gcc -mcpu=cortex-a9 -mfpu=vfpv3 -mfloat-abi=hard -Wl,-build-id=none -specs=Xilinx.spec -Wl,-T -Wl,../src/lscript.ld -L../../standalone_bsp_0/ps7_cortexa9_0/lib -o "final_proj.elf"  ./src/auxiliar_functions.o ./src/gauss_jacobi.o   -Wl,--start-group,-lxil,-lgcc,-lc,--end-group
'Finished building target: final_proj.elf'
' '
'Invoking: ARM v7 Print Size'
arm-none-eabi-size final_proj.elf  |tee "final_proj.elf.size"
   text	   data	    bss	    dec	    hex	filename
  86356	   2708	  25232	 114296	  1be78	final_proj.elf
'Finished building: final_proj.elf.size'
' '
17:22:07 **** Incremental Build of configuration Debug for project final_proj ****
make pre-build main-build 
a9-linaro-pre-build-step
' '
make: Nothing to be done for `main-build'.
17:24:19 **** Auto Build of configuration Debug for project final_proj ****
make pre-build main-build 
a9-linaro-pre-build-step
' '
'Building file: ../src/gauss_jacobi.c'
'Invoking: ARM v7 gcc compiler'
arm-none-eabi-gcc -Wall -O0 -g3 -c -fmessage-length=0 -MT"src/gauss_jacobi.o" -mcpu=cortex-a9 -mfpu=vfpv3 -mfloat-abi=hard -I../../standalone_bsp_0/ps7_cortexa9_0/include -MMD -MP -MF"src/gauss_jacobi.d" -MT"src/gauss_jacobi.o" -o "src/gauss_jacobi.o" "../src/gauss_jacobi.c"
'Finished building: ../src/gauss_jacobi.c'
' '
'Building target: final_proj.elf'
'Invoking: ARM v7 gcc linker'
arm-none-eabi-gcc -mcpu=cortex-a9 -mfpu=vfpv3 -mfloat-abi=hard -Wl,-build-id=none -specs=Xilinx.spec -Wl,-T -Wl,../src/lscript.ld -L../../standalone_bsp_0/ps7_cortexa9_0/lib -o "final_proj.elf"  ./src/auxiliar_functions.o ./src/gauss_jacobi.o   -Wl,--start-group,-lxil,-lgcc,-lc,--end-group
'Finished building target: final_proj.elf'
' '
'Invoking: ARM v7 Print Size'
arm-none-eabi-size final_proj.elf  |tee "final_proj.elf.size"
   text	   data	    bss	    dec	    hex	filename
  85500	   2708	  25232	 113440	  1bb20	final_proj.elf
'Finished building: final_proj.elf.size'
' '
17:24:23 **** Incremental Build of configuration Debug for project final_proj ****
make pre-build main-build 
a9-linaro-pre-build-step
' '
make: Nothing to be done for `main-build'.
17:28:27 **** Auto Build of configuration Debug for project final_proj ****
make pre-build main-build 
a9-linaro-pre-build-step
' '
'Building file: ../src/gauss_jacobi.c'
'Invoking: ARM v7 gcc compiler'
arm-none-eabi-gcc -Wall -O0 -g3 -c -fmessage-length=0 -MT"src/gauss_jacobi.o" -mcpu=cortex-a9 -mfpu=vfpv3 -mfloat-abi=hard -I../../standalone_bsp_0/ps7_cortexa9_0/include -MMD -MP -MF"src/gauss_jacobi.d" -MT"src/gauss_jacobi.o" -o "src/gauss_jacobi.o" "../src/gauss_jacobi.c"
../src/gauss_jacobi.c: In function 'XAxiDma_Simple_MatProd':
../src/gauss_jacobi.c:117:18: warning: passing argument 1 of 'show_results' discards 'volatile' qualifier from pointer target type [-Wdiscarded-qualifiers]
     show_results(memA_D_Inv, n_it, 2*(tEnd-tStart), 1.0*(tEnd-tStart)/(COUNTS_PER_SECOND/1000000));
                  ^~~~~~~~~~
In file included from ../src/gauss_jacobi.c:11:0:
../src/gauss_jacobi.h:49:6: note: expected 'float *' but argument is of type 'volatile float *'
 void show_results(float* memA_D_Inv, int n_it, unsigned long long int clock_cycles, float u_sec);
      ^~~~~~~~~~~~
'Finished building: ../src/gauss_jacobi.c'
' '
'Building target: final_proj.elf'
'Invoking: ARM v7 gcc linker'
arm-none-eabi-gcc -mcpu=cortex-a9 -mfpu=vfpv3 -mfloat-abi=hard -Wl,-build-id=none -specs=Xilinx.spec -Wl,-T -Wl,../src/lscript.ld -L../../standalone_bsp_0/ps7_cortexa9_0/lib -o "final_proj.elf"  ./src/auxiliar_functions.o ./src/gauss_jacobi.o   -Wl,--start-group,-lxil,-lgcc,-lc,--end-group
'Finished building target: final_proj.elf'
' '
'Invoking: ARM v7 Print Size'
arm-none-eabi-size final_proj.elf  |tee "final_proj.elf.size"
   text	   data	    bss	    dec	    hex	filename
  86588	   2708	  25232	 114528	  1bf60	final_proj.elf
'Finished building: final_proj.elf.size'
' '
17:28:29 **** Incremental Build of configuration Debug for project final_proj ****
make pre-build main-build 
a9-linaro-pre-build-step
' '
make: Nothing to be done for `main-build'.
17:29:08 **** Incremental Build of configuration Debug for project final_proj ****
make pre-build main-build 
a9-linaro-pre-build-step
' '
make: Nothing to be done for `main-build'.
17:30:31 **** Auto Build of configuration Debug for project final_proj ****
make pre-build main-build 
a9-linaro-pre-build-step
' '
'Building file: ../src/auxiliar_functions.c'
'Invoking: ARM v7 gcc compiler'
arm-none-eabi-gcc -Wall -O0 -g3 -c -fmessage-length=0 -MT"src/auxiliar_functions.o" -mcpu=cortex-a9 -mfpu=vfpv3 -mfloat-abi=hard -I../../standalone_bsp_0/ps7_cortexa9_0/include -MMD -MP -MF"src/auxiliar_functions.d" -MT"src/auxiliar_functions.o" -o "src/auxiliar_functions.o" "../src/auxiliar_functions.c"
'Finished building: ../src/auxiliar_functions.c'
' '
'Building file: ../src/gauss_jacobi.c'
'Invoking: ARM v7 gcc compiler'
arm-none-eabi-gcc -Wall -O0 -g3 -c -fmessage-length=0 -MT"src/gauss_jacobi.o" -mcpu=cortex-a9 -mfpu=vfpv3 -mfloat-abi=hard -I../../standalone_bsp_0/ps7_cortexa9_0/include -MMD -MP -MF"src/gauss_jacobi.d" -MT"src/gauss_jacobi.o" -o "src/gauss_jacobi.o" "../src/gauss_jacobi.c"
../src/gauss_jacobi.c: In function 'XAxiDma_Simple_MatProd':
../src/gauss_jacobi.c:117:18: warning: passing argument 1 of 'show_results' discards 'volatile' qualifier from pointer target type [-Wdiscarded-qualifiers]
     show_results(memA_D_Inv, n_it, 2*(tEnd-tStart), 1.0*(tEnd-tStart)/(COUNTS_PER_SECOND/1000000));
                  ^~~~~~~~~~
In file included from ../src/gauss_jacobi.c:11:0:
../src/gauss_jacobi.h:49:6: note: expected 'float *' but argument is of type 'volatile float *'
 void show_results(float* memA_D_Inv, int n_it, unsigned long long int clock_cycles, float u_sec);
      ^~~~~~~~~~~~
'Finished building: ../src/gauss_jacobi.c'
' '
'Building target: final_proj.elf'
'Invoking: ARM v7 gcc linker'
arm-none-eabi-gcc -mcpu=cortex-a9 -mfpu=vfpv3 -mfloat-abi=hard -Wl,-build-id=none -specs=Xilinx.spec -Wl,-T -Wl,../src/lscript.ld -L../../standalone_bsp_0/ps7_cortexa9_0/lib -o "final_proj.elf"  ./src/auxiliar_functions.o ./src/gauss_jacobi.o   -Wl,--start-group,-lxil,-lgcc,-lc,--end-group
'Finished building target: final_proj.elf'
' '
'Invoking: ARM v7 Print Size'
arm-none-eabi-size final_proj.elf  |tee "final_proj.elf.size"
   text	   data	    bss	    dec	    hex	filename
  86588	   2708	  25232	 114528	  1bf60	final_proj.elf
'Finished building: final_proj.elf.size'
' '
17:31:05 **** Incremental Build of configuration Debug for project final_proj ****
make pre-build main-build 
a9-linaro-pre-build-step
' '
make: Nothing to be done for `main-build'.
17:31:32 **** Auto Build of configuration Debug for project final_proj ****
make pre-build main-build 
a9-linaro-pre-build-step
' '
'Building file: ../src/auxiliar_functions.c'
'Invoking: ARM v7 gcc compiler'
arm-none-eabi-gcc -Wall -O0 -g3 -c -fmessage-length=0 -MT"src/auxiliar_functions.o" -mcpu=cortex-a9 -mfpu=vfpv3 -mfloat-abi=hard -I../../standalone_bsp_0/ps7_cortexa9_0/include -MMD -MP -MF"src/auxiliar_functions.d" -MT"src/auxiliar_functions.o" -o "src/auxiliar_functions.o" "../src/auxiliar_functions.c"
'Finished building: ../src/auxiliar_functions.c'
' '
'Building file: ../src/gauss_jacobi.c'
'Invoking: ARM v7 gcc compiler'
arm-none-eabi-gcc -Wall -O0 -g3 -c -fmessage-length=0 -MT"src/gauss_jacobi.o" -mcpu=cortex-a9 -mfpu=vfpv3 -mfloat-abi=hard -I../../standalone_bsp_0/ps7_cortexa9_0/include -MMD -MP -MF"src/gauss_jacobi.d" -MT"src/gauss_jacobi.o" -o "src/gauss_jacobi.o" "../src/gauss_jacobi.c"
../src/gauss_jacobi.c: In function 'XAxiDma_Simple_MatProd':
../src/gauss_jacobi.c:117:18: warning: passing argument 1 of 'show_results' discards 'volatile' qualifier from pointer target type [-Wdiscarded-qualifiers]
     show_results(memA_D_Inv, n_it, 2*(tEnd-tStart), 1.0*(tEnd-tStart)/(COUNTS_PER_SECOND/1000000));
                  ^~~~~~~~~~
In file included from ../src/gauss_jacobi.c:11:0:
../src/gauss_jacobi.h:49:6: note: expected 'float *' but argument is of type 'volatile float *'
 void show_results(float* memA_D_Inv, int n_it, unsigned long long int clock_cycles, float u_sec);
      ^~~~~~~~~~~~
'Finished building: ../src/gauss_jacobi.c'
' '
'Building target: final_proj.elf'
'Invoking: ARM v7 gcc linker'
[...]
arm-none-eabi-gcc -mcpu=cortex-a9 -mfpu=vfpv3 -mfloat-abi=hard -Wl,-build-id=none -specs=Xilinx.spec -Wl,-T -Wl,../src/lscript.ld -L../../standalone_bsp_1/ps7_cortexa9_1/lib -o "final_proj1.elf"  ./src/gauss_jacobi1.o   -Wl,--start-group,-lxil,-lgcc,-lc,--end-group
'Finished building target: final_proj1.elf'
' '
'Invoking: ARM v7 Print Size'
arm-none-eabi-size final_proj1.elf  |tee "final_proj1.elf.size"
   text	   data	    bss	    dec	    hex	filename
  22180	   1148	  22568	  45896	   b348	final_proj1.elf
'Finished building: final_proj1.elf.size'
' '
16:49:59 **** Auto Build of configuration Debug for project final_proj ****
make pre-build main-build 
a9-linaro-pre-build-step
' '
'Building file: ../src/gauss_jacobi.c'
'Invoking: ARM v7 gcc compiler'
arm-none-eabi-gcc -Wall -O0 -g3 -c -fmessage-length=0 -MT"src/gauss_jacobi.o" -mcpu=cortex-a9 -mfpu=vfpv3 -mfloat-abi=hard -I../../standalone_bsp_0/ps7_cortexa9_0/include -MMD -MP -MF"src/gauss_jacobi.d" -MT"src/gauss_jacobi.o" -o "src/gauss_jacobi.o" "../src/gauss_jacobi.c"
../src/gauss_jacobi.c: In function 'main':
../src/gauss_jacobi.c:23:16: warning: unused variable 'sync_f' [-Wunused-variable]
  volatile int *sync_f = (int *)0xFFFF0000;
                ^~~~~~
../src/gauss_jacobi.c: In function 'XAxiDma_Simple_MatProd':
../src/gauss_jacobi.c:68:3: error: 'sync_f' undeclared (first use in this function)
  *sync_f = PROC0_STARTED;
   ^~~~~~
../src/gauss_jacobi.c:68:3: note: each undeclared identifier is reported only once for each function it appears in
make: ** [src/gauss_jacobi.o] Erro 1
16:50:18 **** Auto Build of configuration Debug for project final_proj ****
make pre-build main-build 
a9-linaro-pre-build-step
' '
'Building file: ../src/gauss_jacobi.c'
'Invoking: ARM v7 gcc compiler'
arm-none-eabi-gcc -Wall -O0 -g3 -c -fmessage-length=0 -MT"src/gauss_jacobi.o" -mcpu=cortex-a9 -mfpu=vfpv3 -mfloat-abi=hard -I../../standalone_bsp_0/ps7_cortexa9_0/include -MMD -MP -MF"src/gauss_jacobi.d" -MT"src/gauss_jacobi.o" -o "src/gauss_jacobi.o" "../src/gauss_jacobi.c"
../src/gauss_jacobi.c: In function 'main':
../src/gauss_jacobi.c:23:16: warning: unused variable 'sync_f' [-Wunused-variable]
  volatile int *sync_f = (int *)0xFFFF0000;
                ^~~~~~
'Finished building: ../src/gauss_jacobi.c'
' '
'Building target: final_proj.elf'
'Invoking: ARM v7 gcc linker'
arm-none-eabi-gcc -mcpu=cortex-a9 -mfpu=vfpv3 -mfloat-abi=hard -Wl,-build-id=none -specs=Xilinx.spec -Wl,-T -Wl,../src/lscript.ld -L../../standalone_bsp_0/ps7_cortexa9_0/lib -o "final_proj.elf"  ./src/auxiliar_functions.o ./src/gauss_jacobi.o   -Wl,--start-group,-lxil,-lgcc,-lc,--end-group
'Finished building target: final_proj.elf'
' '
'Invoking: ARM v7 Print Size'
arm-none-eabi-size final_proj.elf  |tee "final_proj.elf.size"
   text	   data	    bss	    dec	    hex	filename
  85412	   2708	  27104	 115224	  1c218	final_proj.elf
'Finished building: final_proj.elf.size'
' '
16:50:23 **** Auto Build of configuration Debug for project final_proj ****
make pre-build main-build 
a9-linaro-pre-build-step
' '
'Building file: ../src/gauss_jacobi.c'
'Invoking: ARM v7 gcc compiler'
arm-none-eabi-gcc -Wall -O0 -g3 -c -fmessage-length=0 -MT"src/gauss_jacobi.o" -mcpu=cortex-a9 -mfpu=vfpv3 -mfloat-abi=hard -I../../standalone_bsp_0/ps7_cortexa9_0/include -MMD -MP -MF"src/gauss_jacobi.d" -MT"src/gauss_jacobi.o" -o "src/gauss_jacobi.o" "../src/gauss_jacobi.c"
'Finished building: ../src/gauss_jacobi.c'
' '
'Building target: final_proj.elf'
'Invoking: ARM v7 gcc linker'
arm-none-eabi-gcc -mcpu=cortex-a9 -mfpu=vfpv3 -mfloat-abi=hard -Wl,-build-id=none -specs=Xilinx.spec -Wl,-T -Wl,../src/lscript.ld -L../../standalone_bsp_0/ps7_cortexa9_0/lib -o "final_proj.elf"  ./src/auxiliar_functions.o ./src/gauss_jacobi.o   -Wl,--start-group,-lxil,-lgcc,-lc,--end-group
'Finished building target: final_proj.elf'
' '
'Invoking: ARM v7 Print Size'
arm-none-eabi-size final_proj.elf  |tee "final_proj.elf.size"
   text	   data	    bss	    dec	    hex	filename
  85412	   2716	  27104	 115232	  1c220	final_proj.elf
'Finished building: final_proj.elf.size'
' '
16:50:26 **** Incremental Build of configuration Debug for project final_proj ****
make pre-build main-build 
a9-linaro-pre-build-step
' '
make: Nada a ser feito para `main-build'.
16:50:26 **** Incremental Build of configuration Debug for project final_proj1 ****
make pre-build main-build 
a9-linaro-pre-build-step
' '
make: Nada a ser feito para `main-build'.
16:50:42 **** Auto Build of configuration Debug for project final_proj ****
make pre-build main-build 
a9-linaro-pre-build-step
' '
'Building file: ../src/gauss_jacobi.c'
'Invoking: ARM v7 gcc compiler'
arm-none-eabi-gcc -Wall -O0 -g3 -c -fmessage-length=0 -MT"src/gauss_jacobi.o" -mcpu=cortex-a9 -mfpu=vfpv3 -mfloat-abi=hard -I../../standalone_bsp_0/ps7_cortexa9_0/include -MMD -MP -MF"src/gauss_jacobi.d" -MT"src/gauss_jacobi.o" -o "src/gauss_jacobi.o" "../src/gauss_jacobi.c"
'Finished building: ../src/gauss_jacobi.c'
' '
'Building target: final_proj.elf'
'Invoking: ARM v7 gcc linker'
arm-none-eabi-gcc -mcpu=cortex-a9 -mfpu=vfpv3 -mfloat-abi=hard -Wl,-build-id=none -specs=Xilinx.spec -Wl,-T -Wl,../src/lscript.ld -L../../standalone_bsp_0/ps7_cortexa9_0/lib -o "final_proj.elf"  ./src/auxiliar_functions.o ./src/gauss_jacobi.o   -Wl,--start-group,-lxil,-lgcc,-lc,--end-group
'Finished building target: final_proj.elf'
' '
'Invoking: ARM v7 Print Size'
arm-none-eabi-size final_proj.elf  |tee "final_proj.elf.size"
   text	   data	    bss	    dec	    hex	filename
  85476	   2716	  27104	 115296	  1c260	final_proj.elf
'Finished building: final_proj.elf.size'
' '
16:50:58 **** Auto Build of configuration Debug for project final_proj ****
make pre-build main-build 
a9-linaro-pre-build-step
' '
'Building file: ../src/gauss_jacobi.c'
'Invoking: ARM v7 gcc compiler'
arm-none-eabi-gcc -Wall -O0 -g3 -c -fmessage-length=0 -MT"src/gauss_jacobi.o" -mcpu=cortex-a9 -mfpu=vfpv3 -mfloat-abi=hard -I../../standalone_bsp_0/ps7_cortexa9_0/include -MMD -MP -MF"src/gauss_jacobi.d" -MT"src/gauss_jacobi.o" -o "src/gauss_jacobi.o" "../src/gauss_jacobi.c"
'Finished building: ../src/gauss_jacobi.c'
' '
'Building target: final_proj.elf'
'Invoking: ARM v7 gcc linker'
arm-none-eabi-gcc -mcpu=cortex-a9 -mfpu=vfpv3 -mfloat-abi=hard -Wl,-build-id=none -specs=Xilinx.spec -Wl,-T -Wl,../src/lscript.ld -L../../standalone_bsp_0/ps7_cortexa9_0/lib -o "final_proj.elf"  ./src/auxiliar_functions.o ./src/gauss_jacobi.o   -Wl,--start-group,-lxil,-lgcc,-lc,--end-group
'Finished building target: final_proj.elf'
' '
'Invoking: ARM v7 Print Size'
arm-none-eabi-size final_proj.elf  |tee "final_proj.elf.size"
   text	   data	    bss	    dec	    hex	filename
  85476	   2716	  27104	 115296	  1c260	final_proj.elf
'Finished building: final_proj.elf.size'
' '
16:51:02 **** Incremental Build of configuration Debug for project final_proj ****
make pre-build main-build 
a9-linaro-pre-build-step
' '
make: Nada a ser feito para `main-build'.
16:51:03 **** Incremental Build of configuration Debug for project final_proj1 ****
make pre-build main-build 
a9-linaro-pre-build-step
' '
make: Nada a ser feito para `main-build'.
16:51:39 **** Incremental Build of configuration Debug for project final_proj ****
make pre-build main-build 
a9-linaro-pre-build-step
' '
make: Nada a ser feito para `main-build'.
16:51:40 **** Incremental Build of configuration Debug for project final_proj1 ****
make pre-build main-build 
a9-linaro-pre-build-step
' '
make: Nada a ser feito para `main-build'.
16:51:43 **** Incremental Build of configuration Debug for project final_proj ****
make pre-build main-build 
a9-linaro-pre-build-step
' '
make: Nada a ser feito para `main-build'.
16:51:43 **** Incremental Build of configuration Debug for project final_proj1 ****
make pre-build main-build 
a9-linaro-pre-build-step
' '
make: Nada a ser feito para `main-build'.
16:52:48 **** Auto Build of configuration Debug for project final_proj ****
make pre-build main-build 
a9-linaro-pre-build-step
' '
'Building file: ../src/gauss_jacobi.c'
'Invoking: ARM v7 gcc compiler'
arm-none-eabi-gcc -Wall -O0 -g3 -c -fmessage-length=0 -MT"src/gauss_jacobi.o" -mcpu=cortex-a9 -mfpu=vfpv3 -mfloat-abi=hard -I../../standalone_bsp_0/ps7_cortexa9_0/include -MMD -MP -MF"src/gauss_jacobi.d" -MT"src/gauss_jacobi.o" -o "src/gauss_jacobi.o" "../src/gauss_jacobi.c"
'Finished building: ../src/gauss_jacobi.c'
' '
'Building target: final_proj.elf'
'Invoking: ARM v7 gcc linker'
arm-none-eabi-gcc -mcpu=cortex-a9 -mfpu=vfpv3 -mfloat-abi=hard -Wl,-build-id=none -specs=Xilinx.spec -Wl,-T -Wl,../src/lscript.ld -L../../standalone_bsp_0/ps7_cortexa9_0/lib -o "final_proj.elf"  ./src/auxiliar_functions.o ./src/gauss_jacobi.o   -Wl,--start-group,-lxil,-lgcc,-lc,--end-group
'Finished building target: final_proj.elf'
' '
'Invoking: ARM v7 Print Size'
arm-none-eabi-size final_proj.elf  |tee "final_proj.elf.size"
   text	   data	    bss	    dec	    hex	filename
  85492	   2716	  27104	 115312	  1c270	final_proj.elf
'Finished building: final_proj.elf.size'
' '
16:54:05 **** Incremental Build of configuration Debug for project final_proj ****
make pre-build main-build 
a9-linaro-pre-build-step
' '
make: Nada a ser feito para `main-build'.
16:54:06 **** Incremental Build of configuration Debug for project final_proj1 ****
make pre-build main-build 
a9-linaro-pre-build-step
' '
make: Nada a ser feito para `main-build'.
16:54:14 **** Incremental Build of configuration Debug for project final_proj ****
make pre-build main-build 
a9-linaro-pre-build-step
' '
make: Nada a ser feito para `main-build'.
16:54:14 **** Incremental Build of configuration Debug for project final_proj1 ****
make pre-build main-build 
a9-linaro-pre-build-step
' '
make: Nada a ser feito para `main-build'.
16:54:53 **** Auto Build of configuration Debug for project final_proj ****
make pre-build main-build 
a9-linaro-pre-build-step
' '
'Building file: ../src/gauss_jacobi.c'
'Invoking: ARM v7 gcc compiler'
arm-none-eabi-gcc -Wall -O0 -g3 -c -fmessage-length=0 -MT"src/gauss_jacobi.o" -mcpu=cortex-a9 -mfpu=vfpv3 -mfloat-abi=hard -I../../standalone_bsp_0/ps7_cortexa9_0/include -MMD -MP -MF"src/gauss_jacobi.d" -MT"src/gauss_jacobi.o" -o "src/gauss_jacobi.o" "../src/gauss_jacobi.c"
'Finished building: ../src/gauss_jacobi.c'
' '
'Building target: final_proj.elf'
'Invoking: ARM v7 gcc linker'
arm-none-eabi-gcc -mcpu=cortex-a9 -mfpu=vfpv3 -mfloat-abi=hard -Wl,-build-id=none -specs=Xilinx.spec -Wl,-T -Wl,../src/lscript.ld -L../../standalone_bsp_0/ps7_cortexa9_0/lib -o "final_proj.elf"  ./src/auxiliar_functions.o ./src/gauss_jacobi.o   -Wl,--start-group,-lxil,-lgcc,-lc,--end-group
'Finished building target: final_proj.elf'
' '
'Invoking: ARM v7 Print Size'
arm-none-eabi-size final_proj.elf  |tee "final_proj.elf.size"
   text	   data	    bss	    dec	    hex	filename
  85564	   2716	  27104	 115384	  1c2b8	final_proj.elf
'Finished building: final_proj.elf.size'
' '
16:55:21 **** Incremental Build of configuration Debug for project final_proj ****
make pre-build main-build 
a9-linaro-pre-build-step
' '
make: Nada a ser feito para `main-build'.
16:55:22 **** Incremental Build of configuration Debug for project final_proj1 ****
make pre-build main-build 
a9-linaro-pre-build-step
' '
make: Nada a ser feito para `main-build'.
16:55:24 **** Incremental Build of configuration Debug for project final_proj ****
make pre-build main-build 
a9-linaro-pre-build-step
' '
make: Nada a ser feito para `main-build'.
16:55:25 **** Incremental Build of configuration Debug for project final_proj1 ****
make pre-build main-build 
a9-linaro-pre-build-step
' '
make: Nada a ser feito para `main-build'.
16:55:39 **** Auto Build of configuration Debug for project final_proj ****
make pre-build main-build 
a9-linaro-pre-build-step
' '
'Building file: ../src/gauss_jacobi.c'
'Invoking: ARM v7 gcc compiler'
arm-none-eabi-gcc -Wall -O0 -g3 -c -fmessage-length=0 -MT"src/gauss_jacobi.o" -mcpu=cortex-a9 -mfpu=vfpv3 -mfloat-abi=hard -I../../standalone_bsp_0/ps7_cortexa9_0/include -MMD -MP -MF"src/gauss_jacobi.d" -MT"src/gauss_jacobi.o" -o "src/gauss_jacobi.o" "../src/gauss_jacobi.c"
'Finished building: ../src/gauss_jacobi.c'
' '
'Building target: final_proj.elf'
'Invoking: ARM v7 gcc linker'
arm-none-eabi-gcc -mcpu=cortex-a9 -mfpu=vfpv3 -mfloat-abi=hard -Wl,-build-id=none -specs=Xilinx.spec -Wl,-T -Wl,../src/lscript.ld -L../../standalone_bsp_0/ps7_cortexa9_0/lib -o "final_proj.elf"  ./src/auxiliar_functions.o ./src/gauss_jacobi.o   -Wl,--start-group,-lxil,-lgcc,-lc,--end-group
'Finished building target: final_proj.elf'
' '
'Invoking: ARM v7 Print Size'
arm-none-eabi-size final_proj.elf  |tee "final_proj.elf.size"
   text	   data	    bss	    dec	    hex	filename
  85564	   2716	  27104	 115384	  1c2b8	final_proj.elf
'Finished building: final_proj.elf.size'
' '
16:56:03 **** Incremental Build of configuration Debug for project final_proj ****
make pre-build main-build 
a9-linaro-pre-build-step
' '
make: Nada a ser feito para `main-build'.
16:56:03 **** Incremental Build of configuration Debug for project final_proj1 ****
make pre-build main-build 
a9-linaro-pre-build-step
' '
make: Nada a ser feito para `main-build'.
16:56:06 **** Incremental Build of configuration Debug for project final_proj ****
make pre-build main-build 
a9-linaro-pre-build-step
' '
make: Nada a ser feito para `main-build'.
16:56:06 **** Incremental Build of configuration Debug for project final_proj1 ****
make pre-build main-build 
a9-linaro-pre-build-step
' '
make: Nada a ser feito para `main-build'.
16:57:31 **** Incremental Build of configuration Debug for project final_proj ****
make pre-build main-build 
a9-linaro-pre-build-step
' '
make: Nada a ser feito para `main-build'.
16:57:32 **** Incremental Build of configuration Debug for project final_proj1 ****
make pre-build main-build 
a9-linaro-pre-build-step
' '
make: Nada a ser feito para `main-build'.
16:57:35 **** Incremental Build of configuration Debug for project final_proj ****
make pre-build main-build 
a9-linaro-pre-build-step
' '
make: Nada a ser feito para `main-build'.
16:57:36 **** Incremental Build of configuration Debug for project final_proj1 ****
make pre-build main-build 
a9-linaro-pre-build-step
' '
make: Nada a ser feito para `main-build'.
16:58:19 **** Auto Build of configuration Debug for project final_proj1 ****
make pre-build main-build 
a9-linaro-pre-build-step
' '
'Building file: ../src/gauss_jacobi1.c'
'Invoking: ARM v7 gcc compiler'
arm-none-eabi-gcc -Wall -O0 -g3 -c -fmessage-length=0 -MT"src/gauss_jacobi1.o" -mcpu=cortex-a9 -mfpu=vfpv3 -mfloat-abi=hard -I../../standalone_bsp_1/ps7_cortexa9_1/include -MMD -MP -MF"src/gauss_jacobi1.d" -MT"src/gauss_jacobi1.o" -o "src/gauss_jacobi1.o" "../src/gauss_jacobi1.c"
../src/gauss_jacobi1.c: In function 'main':
../src/gauss_jacobi1.c:34:2: warning: implicit declaration of function 'Xil_SetTlbAttributes' [-Wimplicit-function-declaration]
  Xil_SetTlbAttributes(0xFFFF0000,0x14de2);
  ^~~~~~~~~~~~~~~~~~~~
'Finished building: ../src/gauss_jacobi1.c'
' '
'Building target: final_proj1.elf'
'Invoking: ARM v7 gcc linker'
arm-none-eabi-gcc -mcpu=cortex-a9 -mfpu=vfpv3 -mfloat-abi=hard -Wl,-build-id=none -specs=Xilinx.spec -Wl,-T -Wl,../src/lscript.ld -L../../standalone_bsp_1/ps7_cortexa9_1/lib -o "final_proj1.elf"  ./src/gauss_jacobi1.o   -Wl,--start-group,-lxil,-lgcc,-lc,--end-group
'Finished building target: final_proj1.elf'
' '
'Invoking: ARM v7 Print Size'
arm-none-eabi-size final_proj1.elf  |tee "final_proj1.elf.size"
   text	   data	    bss	    dec	    hex	filename
  22200	   1148	  22568	  45916	   b35c	final_proj1.elf
'Finished building: final_proj1.elf.size'
' '
16:58:25 **** Auto Build of configuration Debug for project final_proj1 ****
make pre-build main-build 
a9-linaro-pre-build-step
' '
'Building file: ../src/gauss_jacobi1.c'
'Invoking: ARM v7 gcc compiler'
arm-none-eabi-gcc -Wall -O0 -g3 -c -fmessage-length=0 -MT"src/gauss_jacobi1.o" -mcpu=cortex-a9 -mfpu=vfpv3 -mfloat-abi=hard -I../../standalone_bsp_1/ps7_cortexa9_1/include -MMD -MP -MF"src/gauss_jacobi1.d" -MT"src/gauss_jacobi1.o" -o "src/gauss_jacobi1.o" "../src/gauss_jacobi1.c"
../src/gauss_jacobi1.c: In function 'main':
../src/gauss_jacobi1.c:34:2: warning: implicit declaration of function 'Xil_SetTlbAttributes' [-Wimplicit-function-declaration]
  Xil_SetTlbAttributes(0xFFFF0000,0x14de2);
  ^~~~~~~~~~~~~~~~~~~~
'Finished building: ../src/gauss_jacobi1.c'
' '
'Building target: final_proj1.elf'
'Invoking: ARM v7 gcc linker'
arm-none-eabi-gcc -mcpu=cortex-a9 -mfpu=vfpv3 -mfloat-abi=hard -Wl,-build-id=none -specs=Xilinx.spec -Wl,-T -Wl,../src/lscript.ld -L../../standalone_bsp_1/ps7_cortexa9_1/lib -o "final_proj1.elf"  ./src/gauss_jacobi1.o   -Wl,--start-group,-lxil,-lgcc,-lc,--end-group
'Finished building target: final_proj1.elf'
' '
'Invoking: ARM v7 Print Size'
arm-none-eabi-size final_proj1.elf  |tee "final_proj1.elf.size"
   text	   data	    bss	    dec	    hex	filename
  22216	   1148	  22568	  45932	   b36c	final_proj1.elf
'Finished building: final_proj1.elf.size'
' '
16:59:01 **** Incremental Build of configuration Debug for project final_proj ****
make pre-build main-build 
a9-linaro-pre-build-step
' '
make: Nada a ser feito para `main-build'.
16:59:02 **** Incremental Build of configuration Debug for project final_proj1 ****
make pre-build main-build 
a9-linaro-pre-build-step
' '
make: Nada a ser feito para `main-build'.
16:59:05 **** Incremental Build of configuration Debug for project final_proj ****
make pre-build main-build 
a9-linaro-pre-build-step
' '
make: Nada a ser feito para `main-build'.
16:59:05 **** Incremental Build of configuration Debug for project final_proj1 ****
make pre-build main-build 
a9-linaro-pre-build-step
' '
make: Nada a ser feito para `main-build'.
16:39:56 **** Incremental Build of configuration Debug for project final_proj ****
make pre-build main-build 
a9-linaro-pre-build-step
' '
make: Nada a ser feito para `main-build'.
16:39:59 **** Incremental Build of configuration Debug for project final_proj1 ****
make pre-build main-build 
a9-linaro-pre-build-step
' '
make: Nada a ser feito para `main-build'.
16:40:12 **** Incremental Build of configuration Debug for project final_proj ****
make pre-build main-build 
a9-linaro-pre-build-step
' '
make: Nada a ser feito para `main-build'.
16:40:13 **** Incremental Build of configuration Debug for project final_proj1 ****
make pre-build main-build 
a9-linaro-pre-build-step
' '
make: Nada a ser feito para `main-build'.
16:40:57 **** Incremental Build of configuration Debug for project final_proj ****
make pre-build main-build 
a9-linaro-pre-build-step
' '
make: Nada a ser feito para `main-build'.
16:40:57 **** Incremental Build of configuration Debug for project final_proj1 ****
make pre-build main-build 
a9-linaro-pre-build-step
' '
make: Nada a ser feito para `main-build'.
16:41:00 **** Incremental Build of configuration Debug for project final_proj ****
make pre-build main-build 
a9-linaro-pre-build-step
' '
make: Nada a ser feito para `main-build'.
16:41:00 **** Incremental Build of configuration Debug for project final_proj1 ****
make pre-build main-build 
a9-linaro-pre-build-step
' '
make: Nada a ser feito para `main-build'.
16:41:53 **** Incremental Build of configuration Debug for project final_proj ****
make pre-build main-build 
a9-linaro-pre-build-step
' '
make: Nada a ser feito para `main-build'.
16:41:53 **** Incremental Build of configuration Debug for project final_proj1 ****
make pre-build main-build 
a9-linaro-pre-build-step
' '
make: Nada a ser feito para `main-build'.
16:41:55 **** Incremental Build of configuration Debug for project final_proj ****
make pre-build main-build 
a9-linaro-pre-build-step
' '
make: Nada a ser feito para `main-build'.
16:41:56 **** Incremental Build of configuration Debug for project final_proj1 ****
make pre-build main-build 
a9-linaro-pre-build-step
' '
make: Nada a ser feito para `main-build'.
